Component: Arm Compiler for Embedded 6.19 Tool: armlink [5e73cb00]

==============================================================================

Section Cross References

    startup_stm32f446xx.o(RESET) refers to startup_stm32f446xx.o(STACK) for __initial_sp
    startup_stm32f446xx.o(RESET) refers to startup_stm32f446xx.o(.text) for Reset_Handler
    startup_stm32f446xx.o(RESET) refers to stm32f4xx_it.o(.text.NMI_Handler) for NMI_Handler
    startup_stm32f446xx.o(RESET) refers to stm32f4xx_it.o(.text.HardFault_Handler) for HardFault_Handler
    startup_stm32f446xx.o(RESET) refers to stm32f4xx_it.o(.text.MemManage_Handler) for MemManage_Handler
    startup_stm32f446xx.o(RESET) refers to stm32f4xx_it.o(.text.BusFault_Handler) for BusFault_Handler
    startup_stm32f446xx.o(RESET) refers to stm32f4xx_it.o(.text.UsageFault_Handler) for UsageFault_Handler
    startup_stm32f446xx.o(RESET) refers to stm32f4xx_it.o(.text.SVC_Handler) for SVC_Handler
    startup_stm32f446xx.o(RESET) refers to stm32f4xx_it.o(.text.DebugMon_Handler) for DebugMon_Handler
    startup_stm32f446xx.o(RESET) refers to stm32f4xx_it.o(.text.PendSV_Handler) for PendSV_Handler
    startup_stm32f446xx.o(RESET) refers to stm32f4xx_it.o(.text.SysTick_Handler) for SysTick_Handler
    startup_stm32f446xx.o(RESET) refers to stm32f4xx_it.o(.text.TIM2_IRQHandler) for TIM2_IRQHandler
    startup_stm32f446xx.o(RESET) refers to stm32f4xx_it.o(.text.SPI1_IRQHandler) for SPI1_IRQHandler
    startup_stm32f446xx.o(RESET) refers to stm32f4xx_it.o(.text.EXTI15_10_IRQHandler) for EXTI15_10_IRQHandler
    startup_stm32f446xx.o(RESET) refers to stm32f4xx_it.o(.text.DMA1_Stream7_IRQHandler) for DMA1_Stream7_IRQHandler
    startup_stm32f446xx.o(RESET) refers to stm32f4xx_it.o(.text.UART5_IRQHandler) for UART5_IRQHandler
    startup_stm32f446xx.o(RESET) refers to stm32f4xx_it.o(.text.DMA2_Stream3_IRQHandler) for DMA2_Stream3_IRQHandler
    startup_stm32f446xx.o(.text) refers to system_stm32f4xx.o(.text.SystemInit) for SystemInit
    startup_stm32f446xx.o(.text) refers to entry.o(.ARM.Collect$$$$00000000) for __main
    main.o(.text.HAL_SYSTICK_Callback) refers to main.o(.bss.HAL_SYSTICK_Callback.timer) for HAL_SYSTICK_Callback.timer
    main.o(.text.HAL_SYSTICK_Callback) refers to main.o(.bss.HAL_SYSTICK_Callback.led_timer) for HAL_SYSTICK_Callback.led_timer
    main.o(.text.HAL_SYSTICK_Callback) refers to main.o(.bss.tx_timer) for tx_timer
    main.o(.text.HAL_SYSTICK_Callback) refers to main.o(.bss.flag_systick) for flag_systick
    main.o(.text.HAL_SYSTICK_Callback) refers to main.o(.bss.led_color) for led_color
    main.o(.text.HAL_SYSTICK_Callback) refers to main.o(.data.Tx_data_word) for Tx_data_word
    main.o(.text.HAL_SYSTICK_Callback) refers to function.o(.text) for Update_Mes
    main.o(.ARM.exidx.text.HAL_SYSTICK_Callback) refers to main.o(.text.HAL_SYSTICK_Callback) for [Anonymous Symbol]
    main.o(.text.HAL_TIM_IC_CaptureCallback) refers to main.o(.bss.HAL_TIM_IC_CaptureCallback.risingIC) for HAL_TIM_IC_CaptureCallback.risingIC
    main.o(.text.HAL_TIM_IC_CaptureCallback) refers to stm32f4xx_hal_tim.o(.text.HAL_TIM_ReadCapturedValue) for HAL_TIM_ReadCapturedValue
    main.o(.text.HAL_TIM_IC_CaptureCallback) refers to main.o(.bss.HAL_TIM_IC_CaptureCallback.edge1Time) for HAL_TIM_IC_CaptureCallback.edge1Time
    main.o(.text.HAL_TIM_IC_CaptureCallback) refers to main.o(.bss.HAL_TIM_IC_CaptureCallback.edge2Time) for HAL_TIM_IC_CaptureCallback.edge2Time
    main.o(.text.HAL_TIM_IC_CaptureCallback) refers to siabs.o(.text) for abs
    main.o(.text.HAL_TIM_IC_CaptureCallback) refers to dflti.o(.text) for __aeabi_i2d
    main.o(.text.HAL_TIM_IC_CaptureCallback) refers to ddiv.o(.text) for __aeabi_ddiv
    main.o(.text.HAL_TIM_IC_CaptureCallback) refers to d2f.o(.text) for __aeabi_d2f
    main.o(.text.HAL_TIM_IC_CaptureCallback) refers to main.o(.bss.distance_US) for distance_US
    main.o(.ARM.exidx.text.HAL_TIM_IC_CaptureCallback) refers to main.o(.text.HAL_TIM_IC_CaptureCallback) for [Anonymous Symbol]
    main.o(.text.HAL_UART_RxCpltCallback) refers to main.o(.bss.Rx_buff) for Rx_buff
    main.o(.text.HAL_UART_RxCpltCallback) refers to usart.o(.bss.huart5) for huart5
    main.o(.text.HAL_UART_RxCpltCallback) refers to stm32f4xx_hal_uart.o(.text.HAL_UART_Receive_IT) for HAL_UART_Receive_IT
    main.o(.text.HAL_UART_RxCpltCallback) refers to main.o(.data.HAL_UART_RxCpltCallback.uart_state) for HAL_UART_RxCpltCallback.uart_state
    main.o(.text.HAL_UART_RxCpltCallback) refers to main.o(.bss.HAL_UART_RxCpltCallback.uart_cnt) for HAL_UART_RxCpltCallback.uart_cnt
    main.o(.text.HAL_UART_RxCpltCallback) refers to main.o(.bss.Rx_temp) for Rx_temp
    main.o(.text.HAL_UART_RxCpltCallback) refers to main.o(.bss.Rx_data) for Rx_data
    main.o(.ARM.exidx.text.HAL_UART_RxCpltCallback) refers to main.o(.text.HAL_UART_RxCpltCallback) for [Anonymous Symbol]
[...]
    [Anonymous Symbol]                       0x08003bb4   Section        0  stm32f4xx_hal_tim.o(.text.HAL_TIM_PWM_Stop)
    [Anonymous Symbol]                       0x08003cbc   Section        0  stm32f4xx_hal_tim.o(.text.HAL_TIM_PeriodElapsedCallback)
    [Anonymous Symbol]                       0x08003cc4   Section        0  stm32f4xx_hal_tim.o(.text.HAL_TIM_ReadCapturedValue)
    [Anonymous Symbol]                       0x08003d1c   Section        0  stm32f4xx_hal_tim.o(.text.HAL_TIM_TriggerCallback)
    [Anonymous Symbol]                       0x08003d24   Section        0  stm32f4xx_hal_uart.o(.text.HAL_UARTEx_RxEventCallback)
    [Anonymous Symbol]                       0x08003d30   Section        0  stm32f4xx_hal_uart.o(.text.HAL_UART_ErrorCallback)
    [Anonymous Symbol]                       0x08003d38   Section        0  stm32f4xx_hal_uart.o(.text.HAL_UART_IRQHandler)
    [Anonymous Symbol]                       0x08004158   Section        0  stm32f4xx_hal_uart.o(.text.HAL_UART_Init)
    [Anonymous Symbol]                       0x080041f4   Section        0  usart.o(.text.HAL_UART_MspInit)
    [Anonymous Symbol]                       0x080043c4   Section        0  stm32f4xx_hal_uart.o(.text.HAL_UART_Receive_IT)
    [Anonymous Symbol]                       0x0800443c   Section        0  main.o(.text.HAL_UART_RxCpltCallback)
    [Anonymous Symbol]                       0x08004520   Section        0  stm32f4xx_hal_uart.o(.text.HAL_UART_Transmit)
    [Anonymous Symbol]                       0x08004670   Section        0  stm32f4xx_hal_uart.o(.text.HAL_UART_Transmit_DMA)
    [Anonymous Symbol]                       0x08004780   Section        0  stm32f4xx_hal_uart.o(.text.HAL_UART_TxCpltCallback)
    [Anonymous Symbol]                       0x08004788   Section        0  stm32f4xx_hal_uart.o(.text.HAL_UART_TxHalfCpltCallback)
    [Anonymous Symbol]                       0x08004790   Section        0  stm32f4xx_it.o(.text.HardFault_Handler)
    [Anonymous Symbol]                       0x08004794   Section        0  dma.o(.text.MX_DMA_Init)
    [Anonymous Symbol]                       0x08004808   Section        0  gpio.o(.text.MX_GPIO_Init)
    [Anonymous Symbol]                       0x080049c8   Section        0  spi.o(.text.MX_SPI1_Init)
    [Anonymous Symbol]                       0x08004a18   Section        0  tim.o(.text.MX_TIM2_Init)
    [Anonymous Symbol]                       0x08004b38   Section        0  tim.o(.text.MX_TIM3_Init)
    [Anonymous Symbol]                       0x08004c14   Section        0  usart.o(.text.MX_UART5_Init)
    [Anonymous Symbol]                       0x08004c54   Section        0  usart.o(.text.MX_USART2_UART_Init)
    [Anonymous Symbol]                       0x08004c94   Section        0  stm32f4xx_it.o(.text.MemManage_Handler)
    [Anonymous Symbol]                       0x08004c98   Section        0  stm32f4xx_it.o(.text.NMI_Handler)
    NVIC_EncodePriority                      0x08004c9d   Thumb Code   108  stm32f4xx_hal_cortex.o(.text.NVIC_EncodePriority)
    [Anonymous Symbol]                       0x08004c9c   Section        0  stm32f4xx_hal_cortex.o(.text.NVIC_EncodePriority)
    [Anonymous Symbol]                       0x08004d08   Section        0  stm32f4xx_it.o(.text.PendSV_Handler)
    [Anonymous Symbol]                       0x08004d0c   Section        0  stm32f4xx_it.o(.text.SPI1_IRQHandler)
    SPI_DMAAbortOnError                      0x08004d1d   Thumb Code    32  stm32f4xx_hal_spi.o(.text.SPI_DMAAbortOnError)
    [Anonymous Symbol]                       0x08004d1c   Section        0  stm32f4xx_hal_spi.o(.text.SPI_DMAAbortOnError)
    SPI_DMAError                             0x08004d3d   Thumb Code    52  stm32f4xx_hal_spi.o(.text.SPI_DMAError)
    [Anonymous Symbol]                       0x08004d3c   Section        0  stm32f4xx_hal_spi.o(.text.SPI_DMAError)
    SPI_DMAHalfTransmitCplt                  0x08004d71   Thumb Code    22  stm32f4xx_hal_spi.o(.text.SPI_DMAHalfTransmitCplt)
    [Anonymous Symbol]                       0x08004d70   Section        0  stm32f4xx_hal_spi.o(.text.SPI_DMAHalfTransmitCplt)
    SPI_DMATransmitCplt                      0x08004d89   Thumb Code   166  stm32f4xx_hal_spi.o(.text.SPI_DMATransmitCplt)
    [Anonymous Symbol]                       0x08004d88   Section        0  stm32f4xx_hal_spi.o(.text.SPI_DMATransmitCplt)
    SPI_EndRxTxTransaction                   0x08004e31   Thumb Code   164  stm32f4xx_hal_spi.o(.text.SPI_EndRxTxTransaction)
    [Anonymous Symbol]                       0x08004e30   Section        0  stm32f4xx_hal_spi.o(.text.SPI_EndRxTxTransaction)
    SPI_WaitFlagStateUntilTimeout            0x08004ed5   Thumb Code   298  stm32f4xx_hal_spi.o(.text.SPI_WaitFlagStateUntilTimeout)
    [Anonymous Symbol]                       0x08004ed4   Section        0  stm32f4xx_hal_spi.o(.text.SPI_WaitFlagStateUntilTimeout)
    [Anonymous Symbol]                       0x08005000   Section        0  stm32f4xx_it.o(.text.SVC_Handler)
    SysTick_Config                           0x08005005   Thumb Code    82  stm32f4xx_hal_cortex.o(.text.SysTick_Config)
    [Anonymous Symbol]                       0x08005004   Section        0  stm32f4xx_hal_cortex.o(.text.SysTick_Config)
    [Anonymous Symbol]                       0x08005058   Section        0  stm32f4xx_it.o(.text.SysTick_Handler)
    [Anonymous Symbol]                       0x08005064   Section        0  main.o(.text.SystemClock_Config)
    [Anonymous Symbol]                       0x0800511c   Section        0  system_stm32f4xx.o(.text.SystemInit)
    [Anonymous Symbol]                       0x08005130   Section        0  stm32f4xx_it.o(.text.TIM2_IRQHandler)
    [Anonymous Symbol]                       0x08005140   Section        0  stm32f4xx_hal_tim.o(.text.TIM_Base_SetConfig)
    [Anonymous Symbol]                       0x080052dc   Section        0  stm32f4xx_hal_tim.o(.text.TIM_CCxChannelCmd)
    [Anonymous Symbol]                       0x08005314   Section        0  stm32f4xx_hal_tim.o(.text.TIM_ETR_SetConfig)
    TIM_ITRx_SetConfig                       0x08005349   Thumb Code    42  stm32f4xx_hal_tim.o(.text.TIM_ITRx_SetConfig)
    [Anonymous Symbol]                       0x08005348   Section        0  stm32f4xx_hal_tim.o(.text.TIM_ITRx_SetConfig)
    TIM_OC1_SetConfig                        0x08005375   Thumb Code   234  stm32f4xx_hal_tim.o(.text.TIM_OC1_SetConfig)
    [Anonymous Symbol]                       0x08005374   Section        0  stm32f4xx_hal_tim.o(.text.TIM_OC1_SetConfig)
    [Anonymous Symbol]                       0x08005460   Section        0  stm32f4xx_hal_tim.o(.text.TIM_OC2_SetConfig)
    TIM_OC3_SetConfig                        0x08005555   Thumb Code   242  stm32f4xx_hal_tim.o(.text.TIM_OC3_SetConfig)
    [Anonymous Symbol]                       0x08005554   Section        0  stm32f4xx_hal_tim.o(.text.TIM_OC3_SetConfig)
    TIM_OC4_SetConfig                        0x08005649   Thumb Code   164  stm32f4xx_hal_tim.o(.text.TIM_OC4_SetConfig)
    [Anonymous Symbol]                       0x08005648   Section        0  stm32f4xx_hal_tim.o(.text.TIM_OC4_SetConfig)
    TIM_TI1_ConfigInputStage                 0x080056ed   Thumb Code    80  stm32f4xx_hal_tim.o(.text.TIM_TI1_ConfigInputStage)
    [Anonymous Symbol]                       0x080056ec   Section        0  stm32f4xx_hal_tim.o(.text.TIM_TI1_ConfigInputStage)
    [Anonymous Symbol]                       0x0800573c   Section        0  stm32f4xx_hal_tim.o(.text.TIM_TI1_SetConfig)
    TIM_TI2_ConfigInputStage                 0x08005855   Thumb Code    82  stm32f4xx_hal_tim.o(.text.TIM_TI2_ConfigInputStage)
    [Anonymous Symbol]                       0x08005854   Section        0  stm32f4xx_hal_tim.o(.text.TIM_TI2_ConfigInputStage)
    TIM_TI2_SetConfig                        0x080058a9   Thumb Code   108  stm32f4xx_hal_tim.o(.text.TIM_TI2_SetConfig)
    [Anonymous Symbol]                       0x080058a8   Section        0  stm32f4xx_hal_tim.o(.text.TIM_TI2_SetConfig)
    TIM_TI3_SetConfig                        0x08005915   Thumb Code   106  stm32f4xx_hal_tim.o(.text.TIM_TI3_SetConfig)
    [Anonymous Symbol]                       0x08005914   Section        0  stm32f4xx_hal_tim.o(.text.TIM_TI3_SetConfig)
    TIM_TI4_SetConfig                        0x08005981   Thumb Code   108  stm32f4xx_hal_tim.o(.text.TIM_TI4_SetConfig)
    [Anonymous Symbol]                       0x08005980   Section        0  stm32f4xx_hal_tim.o(.text.TIM_TI4_SetConfig)
    [Anonymous Symbol]                       0x080059ec   Section        0  stm32f4xx_it.o(.text.UART5_IRQHandler)
    UART_DMAAbortOnError                     0x080059fd   Thumb Code    32  stm32f4xx_hal_uart.o(.text.UART_DMAAbortOnError)
    [Anonymous Symbol]                       0x080059fc   Section        0  stm32f4xx_hal_uart.o(.text.UART_DMAAbortOnError)
    UART_DMAError                            0x08005a1d   Thumb Code   124  stm32f4xx_hal_uart.o(.text.UART_DMAError)
    [Anonymous Symbol]                       0x08005a1c   Section        0  stm32f4xx_hal_uart.o(.text.UART_DMAError)
    UART_DMATransmitCplt                     0x08005a99   Thumb Code   122  stm32f4xx_hal_uart.o(.text.UART_DMATransmitCplt)
    [Anonymous Symbol]                       0x08005a98   Section        0  stm32f4xx_hal_uart.o(.text.UART_DMATransmitCplt)
    UART_DMATxHalfCplt                       0x08005b15   Thumb Code    22  stm32f4xx_hal_uart.o(.text.UART_DMATxHalfCplt)
    [Anonymous Symbol]                       0x08005b14   Section        0  stm32f4xx_hal_uart.o(.text.UART_DMATxHalfCplt)
    UART_EndRxTransfer                       0x08005b2d   Thumb Code   148  stm32f4xx_hal_uart.o(.text.UART_EndRxTransfer)
    [Anonymous Symbol]                       0x08005b2c   Section        0  stm32f4xx_hal_uart.o(.text.UART_EndRxTransfer)
    UART_EndTransmit_IT                      0x08005bc1   Thumb Code    38  stm32f4xx_hal_uart.o(.text.UART_EndTransmit_IT)
    [Anonymous Symbol]                       0x08005bc0   Section        0  stm32f4xx_hal_uart.o(.text.UART_EndTransmit_IT)
    UART_EndTxTransfer                       0x08005be9   Thumb Code    54  stm32f4xx_hal_uart.o(.text.UART_EndTxTransfer)
    [Anonymous Symbol]                       0x08005be8   Section        0  stm32f4xx_hal_uart.o(.text.UART_EndTxTransfer)
    UART_Receive_IT                          0x08005c21   Thumb Code   356  stm32f4xx_hal_uart.o(.text.UART_Receive_IT)
    [Anonymous Symbol]                       0x08005c20   Section        0  stm32f4xx_hal_uart.o(.text.UART_Receive_IT)
    UART_SetConfig                           0x08005d85   Thumb Code   314  stm32f4xx_hal_uart.o(.text.UART_SetConfig)
    [Anonymous Symbol]                       0x08005d84   Section        0  stm32f4xx_hal_uart.o(.text.UART_SetConfig)
    [Anonymous Symbol]                       0x08005ec0   Section        0  stm32f4xx_hal_uart.o(.text.UART_Start_Receive_IT)
    UART_Transmit_IT                         0x08005f31   Thumb Code   148  stm32f4xx_hal_uart.o(.text.UART_Transmit_IT)
    [Anonymous Symbol]                       0x08005f30   Section        0  stm32f4xx_hal_uart.o(.text.UART_Transmit_IT)
    UART_WaitOnFlagUntilTimeout              0x08005fc5   Thumb Code   210  stm32f4xx_hal_uart.o(.text.UART_WaitOnFlagUntilTimeout)
    [Anonymous Symbol]                       0x08005fc4   Section        0  stm32f4xx_hal_uart.o(.text.UART_WaitOnFlagUntilTimeout)
    [Anonymous Symbol]                       0x08006098   Section        0  stm32f4xx_it.o(.text.UsageFault_Handler)
    __NVIC_EnableIRQ                         0x0800609d   Thumb Code    48  stm32f4xx_hal_cortex.o(.text.__NVIC_EnableIRQ)
    [Anonymous Symbol]                       0x0800609c   Section        0  stm32f4xx_hal_cortex.o(.text.__NVIC_EnableIRQ)
    __NVIC_GetPriorityGrouping               0x080060cd   Thumb Code    16  stm32f4xx_hal_cortex.o(.text.__NVIC_GetPriorityGrouping)
    [Anonymous Symbol]                       0x080060cc   Section        0  stm32f4xx_hal_cortex.o(.text.__NVIC_GetPriorityGrouping)
    __NVIC_SetPriority                       0x080060dd   Thumb Code    66  stm32f4xx_hal_cortex.o(.text.__NVIC_SetPriority)
    [Anonymous Symbol]                       0x080060dc   Section        0  stm32f4xx_hal_cortex.o(.text.__NVIC_SetPriority)
    __NVIC_SetPriorityGrouping               0x08006121   Thumb Code    60  stm32f4xx_hal_cortex.o(.text.__NVIC_SetPriorityGrouping)
    [Anonymous Symbol]                       0x08006120   Section        0  stm32f4xx_hal_cortex.o(.text.__NVIC_SetPriorityGrouping)
    [Anonymous Symbol]                       0x0800615c   Section        0  main.o(.text.fputc)
    [Anonymous Symbol]                       0x08006180   Section        0  ili9341_font.o(.text.glyph_index)
    ili9341_clip_rect                        0x080061b9   Thumb Code   344  ili9341_gfx.o(.text.ili9341_clip_rect)
    [Anonymous Symbol]                       0x080061b8   Section        0  ili9341_gfx.o(.text.ili9341_clip_rect)
    [Anonymous Symbol]                       0x08006310   Section        0  ili9341_gfx.o(.text.ili9341_draw_char)
    [Anonymous Symbol]                       0x080064dc   Section        0  ili9341_gfx.o(.text.ili9341_draw_string)
    [Anonymous Symbol]                       0x080065ac   Section        0  ili9341_gfx.o(.text.ili9341_fill_rect)
    [Anonymous Symbol]                       0x080066e0   Section        0  ili9341_gfx.o(.text.ili9341_fill_screen)
    ili9341_initialize                       0x0800670d   Thumb Code   876  ili9341.o(.text.ili9341_initialize)
    [Anonymous Symbol]                       0x0800670c   Section        0  ili9341.o(.text.ili9341_initialize)
    [Anonymous Symbol]                       0x08006a78   Section        0  ili9341.o(.text.ili9341_new)
    ili9341_reset                            0x08006d61   Thumb Code    52  ili9341.o(.text.ili9341_reset)
    [Anonymous Symbol]                       0x08006d60   Section        0  ili9341.o(.text.ili9341_reset)
    ili9341_screen_rotation                  0x08006d95   Thumb Code    70  ili9341.o(.text.ili9341_screen_rotation)
    [Anonymous Symbol]                       0x08006d94   Section        0  ili9341.o(.text.ili9341_screen_rotation)
    ili9341_screen_size                      0x08006ddd   Thumb Code   100  ili9341.o(.text.ili9341_screen_size)
    [Anonymous Symbol]                       0x08006ddc   Section        0  ili9341.o(.text.ili9341_screen_size)
    [Anonymous Symbol]                       0x08006e40   Section        0  ili9341.o(.text.ili9341_spi_slave_release)
    [Anonymous Symbol]                       0x08006e74   Section        0  ili9341.o(.text.ili9341_spi_slave_select)
    [Anonymous Symbol]                       0x08006ea8   Section        0  ili9341.o(.text.ili9341_spi_tft_release)
    [Anonymous Symbol]                       0x08006ec0   Section        0  ili9341.o(.text.ili9341_spi_tft_select)
    [Anonymous Symbol]                       0x08006ed8   Section        0  ili9341_gfx.o(.text.ili9341_spi_tft_set_address_rect)
    [Anonymous Symbol]                       0x08006f7c   Section        0  ili9341.o(.text.ili9341_spi_touch_release)
    [Anonymous Symbol]                       0x08006f94   Section        0  ili9341.o(.text.ili9341_spi_touch_select)
    [Anonymous Symbol]                       0x08006fac   Section        0  ili9341.o(.text.ili9341_spi_write_command)
    [Anonymous Symbol]                       0x0800701c   Section        0  ili9341.o(.text.ili9341_spi_write_command_data)
    [Anonymous Symbol]                       0x08007094   Section        0  ili9341.o(.text.ili9341_spi_write_data)
    [Anonymous Symbol]                       0x08007108   Section        0  ili9341_gfx.o(.text.ili9341_transmit_color)
    [Anonymous Symbol]                       0x08007150   Section        0  ili9341_gfx.o(.text.ili9341_transmit_wait)
    [Anonymous Symbol]                       0x08007178   Section        0  main.o(.text.keyPressed)
    [Anonymous Symbol]                       0x080071f8   Section        0  main.o(.text.main)
    [Anonymous Symbol]                       0x080075d0   Section        0  main.o(.text.readCol)
    [Anonymous Symbol]                       0x0800764c   Section        0  main.o(.text.selectRow)
    i.__0printf                              0x0800770c   Section        0  printfa.o(i.__0printf)
    i.__0sprintf                             0x0800772c   Section        0  printfa.o(i.__0sprintf)
    i.__scatterload_copy                     0x08007754   Section       14  handlers.o(i.__scatterload_copy)
    i.__scatterload_null                     0x08007762   Section        2  handlers.o(i.__scatterload_null)
    i.__scatterload_zeroinit                 0x08007764   Section       14  handlers.o(i.__scatterload_zeroinit)
    _fp_digits                               0x08007775   Thumb Code   366  printfa.o(i._fp_digits)
    i._fp_digits                             0x08007774   Section        0  printfa.o(i._fp_digits)
    _printf_core                             0x080078f9   Thumb Code  1744  printfa.o(i._printf_core)
    i._printf_core                           0x080078f8   Section        0  printfa.o(i._printf_core)
    _printf_post_padding                     0x08007fd5   Thumb Code    36  printfa.o(i._printf_post_padding)
    i._printf_post_padding                   0x08007fd4   Section        0  printfa.o(i._printf_post_padding)
    _printf_pre_padding                      0x08007ff9   Thumb Code    46  printfa.o(i._printf_pre_padding)
    i._printf_pre_padding                    0x08007ff8   Section        0  printfa.o(i._printf_pre_padding)
    _sputc                                   0x08008027   Thumb Code    10  printfa.o(i._sputc)
    i._sputc                                 0x08008026   Section        0  printfa.o(i._sputc)
    i.malloc                                 0x08008030   Section        0  malloc.o(i.malloc)
    DMA_CalcBaseAndBitshift.flagBitshiftOffset 0x080080b4   Data           8  stm32f4xx_hal_dma.o(.rodata.DMA_CalcBaseAndBitshift.flagBitshiftOffset)
    [Anonymous Symbol]                       0x080080b4   Section        0  stm32f4xx_hal_dma.o(.rodata.DMA_CalcBaseAndBitshift.flagBitshiftOffset)
    .L.str.8                                 0x0800940e   Data          18  main.o(.rodata.str1.1)
    [Anonymous Symbol]                       0x0800940e   Section        0  main.o(.rodata.str1.1)
    .L.str.7                                 0x08009420   Data          18  main.o(.rodata.str1.1)
    .L.str.6                                 0x08009432   Data          16  main.o(.rodata.str1.1)
    .L.str.3                                 0x08009442   Data          15  main.o(.rodata.str1.1)
    .L.str.2                                 0x08009451   Data          10  main.o(.rodata.str1.1)
    .L.str.5                                 0x0800945b   Data          15  main.o(.rodata.str1.1)
    .L.str.1                                 0x0800946a   Data           2  main.o(.rodata.str1.1)
    .L.str                                   0x0800946c   Data          10  main.o(.rodata.str1.1)
    .L.str.4                                 0x08009476   Data          15  main.o(.rodata.str1.1)
    .data                                    0x20000000   Section        4  stdout.o(.data)
    .data                                    0x20000004   Section        4  mvars.o(.data)
    .data                                    0x20000008   Section        4  mvars.o(.data)
    HAL_UART_RxCpltCallback.uart_state       0x2000000c   Data           4  main.o(.data.HAL_UART_RxCpltCallback.uart_state)
    [Anonymous Symbol]                       0x2000000c   Section        0  main.o(.data.HAL_UART_RxCpltCallback.uart_state)
    HAL_SYSTICK_Callback.led_timer           0x20000028   Data           4  main.o(.bss.HAL_SYSTICK_Callback.led_timer)
    [Anonymous Symbol]                       0x20000028   Section        0  main.o(.bss.HAL_SYSTICK_Callback.led_timer)
    HAL_SYSTICK_Callback.timer               0x2000002c   Data           4  main.o(.bss.HAL_SYSTICK_Callback.timer)
    [Anonymous Symbol]                       0x2000002c   Section        0  main.o(.bss.HAL_SYSTICK_Callback.timer)
    HAL_TIM_IC_CaptureCallback.edge1Time     0x20000030   Data           4  main.o(.bss.HAL_TIM_IC_CaptureCallback.edge1Time)
    [Anonymous Symbol]                       0x20000030   Section        0  main.o(.bss.HAL_TIM_IC_CaptureCallback.edge1Time)
    HAL_TIM_IC_CaptureCallback.edge2Time     0x20000034   Data           4  main.o(.bss.HAL_TIM_IC_CaptureCallback.edge2Time)
    [Anonymous Symbol]                       0x20000034   Section        0  main.o(.bss.HAL_TIM_IC_CaptureCallback.edge2Time)
    HAL_TIM_IC_CaptureCallback.risingIC      0x20000038   Data           4  main.o(.bss.HAL_TIM_IC_CaptureCallback.risingIC)
    [Anonymous Symbol]                       0x20000038   Section        0  main.o(.bss.HAL_TIM_IC_CaptureCallback.risingIC)
    HAL_UART_RxCpltCallback.uart_cnt         0x2000003c   Data           4  main.o(.bss.HAL_UART_RxCpltCallback.uart_cnt)
    [Anonymous Symbol]                       0x2000003c   Section        0  main.o(.bss.HAL_UART_RxCpltCallback.uart_cnt)
    spi_tx_block                             0x20000298   Data        2048  ili9341_gfx.o(.bss.spi_tx_block)
    [Anonymous Symbol]                       0x20000298   Section        0  ili9341_gfx.o(.bss.spi_tx_block)
    HEAP                                     0x20000aa0   Section      512  startup_stm32f446xx.o(HEAP)
    STACK                                    0x20000ca0   Section     1024  startup_stm32f446xx.o(STACK)

    Global Symbols

    Symbol Name                              Value     Ov Type        Size  Object(Section)

    BuildAttributes$$THM_ISAv4$E$P$D$K$B$S$7EM$VFPi3$EXTD16$VFPS$VFMA$PE$A:L22UL41UL21$X:L11$S22US41US21$IEEE1$IW$~IW$USESV6$~STKCKD$USESV7$~SHL$OTIME$ROPI$EBA8$MICROLIB$REQ8$PRES8$EABIv2 0x00000000   Number         0  anon$$obj.o ABSOLUTE
    __cpp_initialize__aeabi_                  - Undefined Weak Reference
    __cxa_finalize                            - Undefined Weak Reference
    __decompress                              - Undefined Weak Reference
    _clock_init                               - Undefined Weak Reference
    _microlib_exit                            - Undefined Weak Reference
    __Vectors_Size                           0x000001c4   Number         0  startup_stm32f446xx.o ABSOLUTE
    __Vectors                                0x08000000   Data           4  startup_stm32f446xx.o(RESET)
    __Vectors_End                            0x080001c4   Data           0  startup_stm32f446xx.o(RESET)
    __main                                   0x080001c5   Thumb Code     0  entry.o(.ARM.Collect$$$$00000000)
    _main_stk                                0x080001c5   Thumb Code     0  entry2.o(.ARM.Collect$$$$00000001)
    _main_scatterload                        0x080001c9   Thumb Code     0  entry5.o(.ARM.Collect$$$$00000004)
    __main_after_scatterload                 0x080001cd   Thumb Code     0  entry5.o(.ARM.Collect$$$$00000004)
    _main_clock                              0x080001cd   Thumb Code     0  entry7b.o(.ARM.Collect$$$$00000008)
    _main_cpp_init                           0x080001cd   Thumb Code     0  entry8b.o(.ARM.Collect$$$$0000000A)
    _main_init                               0x080001cd   Thumb Code     0  entry9a.o(.ARM.Collect$$$$0000000B)
    __rt_final_cpp                           0x080001d5   Thumb Code     0  entry10a.o(.ARM.Collect$$$$0000000D)
    __rt_final_exit                          0x080001d5   Thumb Code     0  entry11a.o(.ARM.Collect$$$$0000000F)
    Reset_Handler                            0x080001d9   Thumb Code     8  startup_stm32f446xx.o(.text)
    ADC_IRQHandler                           0x080001f3   Thumb Code     0  startup_stm32f446xx.o(.text)
    CAN1_RX0_IRQHandler                      0x080001f3   Thumb Code     0  startup_stm32f446xx.o(.text)
    CAN1_RX1_IRQHandler                      0x080001f3   Thumb Code     0  startup_stm32f446xx.o(.text)
    CAN1_SCE_IRQHandler                      0x080001f3   Thumb Code     0  startup_stm32f446xx.o(.text)
    CAN1_TX_IRQHandler                       0x080001f3   Thumb Code     0  startup_stm32f446xx.o(.text)
    CAN2_RX0_IRQHandler                      0x080001f3   Thumb Code     0  startup_stm32f446xx.o(.text)
    CAN2_RX1_IRQHandler                      0x080001f3   Thumb Code     0  startup_stm32f446xx.o(.text)
    CAN2_SCE_IRQHandler                      0x080001f3   Thumb Code     0  startup_stm32f446xx.o(.text)
    CAN2_TX_IRQHandler                       0x080001f3   Thumb Code     0  startup_stm32f446xx.o(.text)
    CEC_IRQHandler                           0x080001f3   Thumb Code     0  startup_stm32f446xx.o(.text)
    DCMI_IRQHandler                          0x080001f3   Thumb Code     0  startup_stm32f446xx.o(.text)
    DMA1_Stream0_IRQHandler                  0x080001f3   Thumb Code     0  startup_stm32f446xx.o(.text)
    DMA1_Stream1_IRQHandler                  0x080001f3   Thumb Code     0  startup_stm32f446xx.o(.text)
    DMA1_Stream2_IRQHandler                  0x080001f3   Thumb Code     0  startup_stm32f446xx.o(.text)
    DMA1_Stream3_IRQHandler                  0x080001f3   Thumb Code     0  startup_stm32f446xx.o(.text)
    DMA1_Stream4_IRQHandler                  0x080001f3   Thumb Code     0  startup_stm32f446xx.o(.text)
    DMA1_Stream5_IRQHandler                  0x080001f3   Thumb Code     0  startup_stm32f446xx.o(.text)
    DMA1_Stream6_IRQHandler                  0x080001f3   Thumb Code     0  startup_stm32f446xx.o(.text)
    DMA2_Stream0_IRQHandler                  0x080001f3   Thumb Code     0  startup_stm32f446xx.o(.text)
    DMA2_Stream1_IRQHandler                  0x080001f3   Thumb Code     0  startup_stm32f446xx.o(.text)
    DMA2_Stream2_IRQHandler                  0x080001f3   Thumb Code     0  startup_stm32f446xx.o(.text)
    DMA2_Stream4_IRQHandler                  0x080001f3   Thumb Code     0  startup_stm32f446xx.o(.text)
    DMA2_Stream5_IRQHandler                  0x080001f3   Thumb Code     0  startup_stm32f446xx.o(.text)
    DMA2_Stream6_IRQHandler                  0x080001f3   Thumb Code     0  startup_stm32f446xx.o(.text)
    DMA2_Stream7_IRQHandler                  0x080001f3   Thumb Code     0  startup_stm32f446xx.o(.text)
    EXTI0_IRQHandler                         0x080001f3   Thumb Code     0  startup_stm32f446xx.o(.text)
    EXTI1_IRQHandler                         0x080001f3   Thumb Code     0  startup_stm32f446xx.o(.text)
    EXTI2_IRQHandler                         0x080001f3   Thumb Code     0  startup_stm32f446xx.o(.text)
    EXTI3_IRQHandler                         0x080001f3   Thumb Code     0  startup_stm32f446xx.o(.text)
    EXTI4_IRQHandler                         0x080001f3   Thumb Code     0  startup_stm32f446xx.o(.text)
    EXTI9_5_IRQHandler                       0x080001f3   Thumb Code     0  startup_stm32f446xx.o(.text)
    FLASH_IRQHandler                         0x080001f3   Thumb Code     0  startup_stm32f446xx.o(.text)
    FMC_IRQHandler                           0x080001f3   Thumb Code     0  startup_stm32f446xx.o(.text)
    FMPI2C1_ER_IRQHandler                    0x080001f3   Thumb Code     0  startup_stm32f446xx.o(.text)
    FMPI2C1_EV_IRQHandler                    0x080001f3   Thumb Code     0  startup_stm32f446xx.o(.text)
    FPU_IRQHandler                           0x080001f3   Thumb Code     0  startup_stm32f446xx.o(.text)
    I2C1_ER_IRQHandler                       0x080001f3   Thumb Code     0  startup_stm32f446xx.o(.text)
    I2C1_EV_IRQHandler                       0x080001f3   Thumb Code     0  startup_stm32f446xx.o(.text)
    I2C2_ER_IRQHandler                       0x080001f3   Thumb Code     0  startup_stm32f446xx.o(.text)
    I2C2_EV_IRQHandler                       0x080001f3   Thumb Code     0  startup_stm32f446xx.o(.text)
    I2C3_ER_IRQHandler                       0x080001f3   Thumb Code     0  startup_stm32f446xx.o(.text)
    I2C3_EV_IRQHandler                       0x080001f3   Thumb Code     0  startup_stm32f446xx.o(.text)
    OTG_FS_IRQHandler                        0x080001f3   Thumb Code     0  startup_stm32f446xx.o(.text)
    OTG_FS_WKUP_IRQHandler                   0x080001f3   Thumb Code     0  startup_stm32f446xx.o(.text)
    OTG_HS_EP1_IN_IRQHandler                 0x080001f3   Thumb Code     0  startup_stm32f446xx.o(.text)
    OTG_HS_EP1_OUT_IRQHandler                0x080001f3   Thumb Code     0  startup_stm32f446xx.o(.text)
    OTG_HS_IRQHandler                        0x080001f3   Thumb Code     0  startup_stm32f446xx.o(.text)
    OTG_HS_WKUP_IRQHandler                   0x080001f3   Thumb Code     0  startup_stm32f446xx.o(.text)
    PVD_IRQHandler                           0x080001f3   Thumb Code     0  startup_stm32f446xx.o(.text)
    QUADSPI_IRQHandler                       0x080001f3   Thumb Code     0  startup_stm32f446xx.o(.text)
    RCC_IRQHandler                           0x080001f3   Thumb Code     0  startup_stm32f446xx.o(.text)
    RTC_Alarm_IRQHandler                     0x080001f3   Thumb Code     0  startup_stm32f446xx.o(.text)
    RTC_WKUP_IRQHandler                      0x080001f3   Thumb Code     0  startup_stm32f446xx.o(.text)
    SAI1_IRQHandler                          0x080001f3   Thumb Code     0  startup_stm32f446xx.o(.text)
    SAI2_IRQHandler                          0x080001f3   Thumb Code     0  startup_stm32f446xx.o(.text)
    SDIO_IRQHandler                          0x080001f3   Thumb Code     0  startup_stm32f446xx.o(.text)
    SPDIF_RX_IRQHandler                      0x080001f3   Thumb Code     0  startup_stm32f446xx.o(.text)
    SPI2_IRQHandler                          0x080001f3   Thumb Code     0  startup_stm32f446xx.o(.text)
    SPI3_IRQHandler                          0x080001f3   Thumb Code     0  startup_stm32f446xx.o(.text)
    SPI4_IRQHandler                          0x080001f3   Thumb Code     0  startup_stm32f446xx.o(.text)
    TAMP_STAMP_IRQHandler                    0x080001f3   Thumb Code     0  startup_stm32f446xx.o(.text)
    TIM1_BRK_TIM9_IRQHandler                 0x080001f3   Thumb Code     0  startup_stm32f446xx.o(.text)
    TIM1_CC_IRQHandler                       0x080001f3   Thumb Code     0  startup_stm32f446xx.o(.text)
    TIM1_TRG_COM_TIM11_IRQHandler            0x080001f3   Thumb Code     0  startup_stm32f446xx.o(.text)
    TIM1_UP_TIM10_IRQHandler                 0x080001f3   Thumb Code     0  startup_stm32f446xx.o(.text)
    TIM3_IRQHandler                          0x080001f3   Thumb Code     0  startup_stm32f446xx.o(.text)
    TIM4_IRQHandler                          0x080001f3   Thumb Code     0  startup_stm32f446xx.o(.text)
    TIM5_IRQHandler                          0x080001f3   Thumb Code     0  startup_stm32f446xx.o(.text)
    TIM6_DAC_IRQHandler                      0x080001f3   Thumb Code     0  startup_stm32f446xx.o(.text)
    TIM7_IRQHandler                          0x080001f3   Thumb Code     0  startup_stm32f446xx.o(.text)
    TIM8_BRK_TIM12_IRQHandler                0x080001f3   Thumb Code     0  startup_stm32f446xx.o(.text)
    TIM8_CC_IRQHandler                       0x080001f3   Thumb Code     0  startup_stm32f446xx.o(.text)
    TIM8_TRG_COM_TIM14_IRQHandler            0x080001f3   Thumb Code     0  startup_stm32f446xx.o(.text)
    TIM8_UP_TIM13_IRQHandler                 0x080001f3   Thumb Code     0  startup_stm32f446xx.o(.text)
    UART4_IRQHandler                         0x080001f3   Thumb Code     0  startup_stm32f446xx.o(.text)
    USART1_IRQHandler                        0x080001f3   Thumb Code     0  startup_stm32f446xx.o(.text)
    USART2_IRQHandler                        0x080001f3   Thumb Code     0  startup_stm32f446xx.o(.text)
    USART3_IRQHandler                        0x080001f3   Thumb Code     0  startup_stm32f446xx.o(.text)
    USART6_IRQHandler                        0x080001f3   Thumb Code     0  startup_stm32f446xx.o(.text)
    WWDG_IRQHandler                          0x080001f3   Thumb Code     0  startup_stm32f446xx.o(.text)
    Update_Mes                               0x080001fd   Thumb Code    16  function.o(.text)
    __aeabi_uldivmod                         0x08000215   Thumb Code    98  uldiv.o(.text)
    abs                                      0x08000277   Thumb Code     8  siabs.o(.text)
    __aeabi_memset                           0x0800027f   Thumb Code    14  memseta.o(.text)
    __aeabi_memset4                          0x0800027f   Thumb Code     0  memseta.o(.text)
    __aeabi_memset8                          0x0800027f   Thumb Code     0  memseta.o(.text)
    __aeabi_memclr                           0x0800028d   Thumb Code     4  memseta.o(.text)
    __aeabi_memclr4                          0x0800028d   Thumb Code     0  memseta.o(.text)
    __aeabi_memclr8                          0x0800028d   Thumb Code     0  memseta.o(.text)
    _memset$wrapper                          0x08000291   Thumb Code    18  memseta.o(.text)
    __aeabi_dadd                             0x080002a3   Thumb Code   322  dadd.o(.text)
    __aeabi_dsub                             0x080003e5   Thumb Code     6  dadd.o(.text)
    __aeabi_drsub                            0x080003eb   Thumb Code     6  dadd.o(.text)
    __aeabi_ddiv                             0x080003f1   Thumb Code   222  ddiv.o(.text)
    __aeabi_i2d                              0x080004cf   Thumb Code    34  dflti.o(.text)
    __aeabi_d2f                              0x080004f1   Thumb Code    56  d2f.o(.text)
    __aeabi_uidiv                            0x08000529   Thumb Code     0  uidiv.o(.text)
    __aeabi_uidivmod                         0x08000529   Thumb Code    44  uidiv.o(.text)
    __aeabi_llsl                             0x08000555   Thumb Code    30  llshl.o(.text)
    _ll_shift_l                              0x08000555   Thumb Code     0  llshl.o(.text)
    __aeabi_llsr                             0x08000573   Thumb Code    32  llushr.o(.text)
    _ll_ushift_r                             0x08000573   Thumb Code     0  llushr.o(.text)
    __aeabi_lasr                             0x08000593   Thumb Code    36  llsshr.o(.text)
    _ll_sshift_r                             0x08000593   Thumb Code     0  llsshr.o(.text)
    __I$use$fp                               0x080005b7   Thumb Code     0  iusefp.o(.text)
    _float_round                             0x080005b7   Thumb Code    18  fepilogue.o(.text)
    _float_epilogue                          0x080005c9   Thumb Code    92  fepilogue.o(.text)
    _double_round                            0x08000625   Thumb Code    30  depilogue.o(.text)
    _double_epilogue                         0x08000643   Thumb Code   156  depilogue.o(.text)
    __aeabi_dmul                             0x080006df   Thumb Code   228  dmul.o(.text)
    __aeabi_d2ulz                            0x080007c3   Thumb Code    48  dfixul.o(.text)
    __aeabi_cdrcmple                         0x080007f5   Thumb Code    48  cdrcmple.o(.text)
    __scatterload                            0x08000825   Thumb Code    28  init.o(.text)
    __scatterload_rt2                        0x08000825   Thumb Code     0  init.o(.text)
    BusFault_Handler                         0x08000849   Thumb Code     4  stm32f4xx_it.o(.text.BusFault_Handler)
    DMA1_Stream7_IRQHandler                  0x0800084d   Thumb Code    16  stm32f4xx_it.o(.text.DMA1_Stream7_IRQHandler)
    DMA2_Stream3_IRQHandler                  0x0800085d   Thumb Code    16  stm32f4xx_it.o(.text.DMA2_Stream3_IRQHandler)
    DebugMon_Handler                         0x08000a05   Thumb Code     2  stm32f4xx_it.o(.text.DebugMon_Handler)
    EXTI15_10_IRQHandler                     0x08000a09   Thumb Code    20  stm32f4xx_it.o(.text.EXTI15_10_IRQHandler)
    Error_Handler                            0x08000a1d   Thumb Code    14  main.o(.text.Error_Handler)
    HAL_DMA_Abort                            0x08000a2d   Thumb Code   236  stm32f4xx_hal_dma.o(.text.HAL_DMA_Abort)
    HAL_DMA_Abort_IT                         0x08000b19   Thumb Code    68  stm32f4xx_hal_dma.o(.text.HAL_DMA_Abort_IT)
    HAL_DMA_GetState                         0x08000b5d   Thumb Code    14  stm32f4xx_hal_dma.o(.text.HAL_DMA_GetState)
    HAL_DMA_IRQHandler                       0x08000b6d   Thumb Code   798  stm32f4xx_hal_dma.o(.text.HAL_DMA_IRQHandler)
    HAL_DMA_Init                             0x08000e8d   Thumb Code   366  stm32f4xx_hal_dma.o(.text.HAL_DMA_Init)
    HAL_DMA_Start_IT                         0x08000ffd   Thumb Code   194  stm32f4xx_hal_dma.o(.text.HAL_DMA_Start_IT)
    HAL_Delay                                0x080010c1   Thumb Code    66  stm32f4xx_hal.o(.text.HAL_Delay)
    HAL_GPIO_EXTI_Callback                   0x08001105   Thumb Code    80  main.o(.text.HAL_GPIO_EXTI_Callback)
    HAL_GPIO_EXTI_IRQHandler                 0x08001155   Thumb Code    56  stm32f4xx_hal_gpio.o(.text.HAL_GPIO_EXTI_IRQHandler)
    HAL_GPIO_Init                            0x0800118d   Thumb Code   922  stm32f4xx_hal_gpio.o(.text.HAL_GPIO_Init)
    HAL_GPIO_ReadPin                         0x08001529   Thumb Code    46  stm32f4xx_hal_gpio.o(.text.HAL_GPIO_ReadPin)
    HAL_GPIO_WritePin                        0x08001559   Thumb Code    46  stm32f4xx_hal_gpio.o(.text.HAL_GPIO_WritePin)
    HAL_GetTick                              0x08001589   Thumb Code    12  stm32f4xx_hal.o(.text.HAL_GetTick)
    HAL_IncTick                              0x08001595   Thumb Code    26  stm32f4xx_hal.o(.text.HAL_IncTick)
    HAL_Init                                 0x080015b1   Thumb Code    60  stm32f4xx_hal.o(.text.HAL_Init)
    HAL_InitTick                             0x080015ed   Thumb Code   112  stm32f4xx_hal.o(.text.HAL_InitTick)
    HAL_MspInit                              0x0800165d   Thumb Code    82  stm32f4xx_hal_msp.o(.text.HAL_MspInit)
    HAL_NVIC_EnableIRQ                       0x080016b1   Thumb Code    20  stm32f4xx_hal_cortex.o(.text.HAL_NVIC_EnableIRQ)
    HAL_NVIC_SetPriority                     0x080016c5   Thumb Code    50  stm32f4xx_hal_cortex.o(.text.HAL_NVIC_SetPriority)
    HAL_NVIC_SetPriorityGrouping             0x080016f9   Thumb Code    16  stm32f4xx_hal_cortex.o(.text.HAL_NVIC_SetPriorityGrouping)
    HAL_RCC_ClockConfig                      0x08001709   Thumb Code   610  stm32f4xx_hal_rcc.o(.text.HAL_RCC_ClockConfig)
    HAL_RCC_GetHCLKFreq                      0x0800196d   Thumb Code    12  stm32f4xx_hal_rcc.o(.text.HAL_RCC_GetHCLKFreq)
    HAL_RCC_GetPCLK1Freq                     0x08001979   Thumb Code    34  stm32f4xx_hal_rcc.o(.text.HAL_RCC_GetPCLK1Freq)
    HAL_RCC_GetPCLK2Freq                     0x0800199d   Thumb Code    34  stm32f4xx_hal_rcc.o(.text.HAL_RCC_GetPCLK2Freq)
    HAL_RCC_GetSysClockFreq                  0x080019c1   Thumb Code   368  stm32f4xx_hal_rcc_ex.o(.text.HAL_RCC_GetSysClockFreq)
    HAL_RCC_OscConfig                        0x08001b31   Thumb Code  1830  stm32f4xx_hal_rcc_ex.o(.text.HAL_RCC_OscConfig)
    HAL_SPI_ErrorCallback                    0x08002259   Thumb Code     8  stm32f4xx_hal_spi.o(.text.HAL_SPI_ErrorCallback)
    HAL_SPI_IRQHandler                       0x08002261   Thumb Code   560  stm32f4xx_hal_spi.o(.text.HAL_SPI_IRQHandler)
    HAL_SPI_Init                             0x08002491   Thumb Code   256  stm32f4xx_hal_spi.o(.text.HAL_SPI_Init)
    HAL_SPI_MspInit                          0x08002591   Thumb Code   246  spi.o(.text.HAL_SPI_MspInit)
    HAL_SPI_Transmit                         0x08002689   Thumb Code   644  stm32f4xx_hal_spi.o(.text.HAL_SPI_Transmit)
    HAL_SPI_Transmit_DMA                     0x0800290d   Thumb Code   368  stm32f4xx_hal_spi.o(.text.HAL_SPI_Transmit_DMA)
    HAL_SPI_TxCpltCallback                   0x08002a7d   Thumb Code     8  stm32f4xx_hal_spi.o(.text.HAL_SPI_TxCpltCallback)
    HAL_SPI_TxHalfCpltCallback               0x08002a85   Thumb Code     8  stm32f4xx_hal_spi.o(.text.HAL_SPI_TxHalfCpltCallback)
    HAL_SYSTICK_Callback                     0x08002a8d   Thumb Code   196  main.o(.text.HAL_SYSTICK_Callback)
    HAL_SYSTICK_Config                       0x08002b51   Thumb Code    16  stm32f4xx_hal_cortex.o(.text.HAL_SYSTICK_Config)
    HAL_SYSTICK_IRQHandler                   0x08002b61   Thumb Code     8  stm32f4xx_hal_cortex.o(.text.HAL_SYSTICK_IRQHandler)
    HAL_TIMEx_BreakCallback                  0x08002b69   Thumb Code     8  stm32f4xx_hal_tim_ex.o(.text.HAL_TIMEx_BreakCallback)
    HAL_TIMEx_CommutCallback                 0x08002b71   Thumb Code     8  stm32f4xx_hal_tim_ex.o(.text.HAL_TIMEx_CommutCallback)
    HAL_TIMEx_MasterConfigSynchronization    0x08002b79   Thumb Code   290  stm32f4xx_hal_tim_ex.o(.text.HAL_TIMEx_MasterConfigSynchronization)
    HAL_TIM_Base_Init                        0x08002c9d   Thumb Code   156  stm32f4xx_hal_tim.o(.text.HAL_TIM_Base_Init)
    HAL_TIM_Base_MspInit                     0x08002d39   Thumb Code   212  tim.o(.text.HAL_TIM_Base_MspInit)
    HAL_TIM_ConfigClockSource                0x08002e0d   Thumb Code   388  stm32f4xx_hal_tim.o(.text.HAL_TIM_ConfigClockSource)
    HAL_TIM_IC_CaptureCallback               0x08002f91   Thumb Code   168  main.o(.text.HAL_TIM_IC_CaptureCallback)
    HAL_TIM_IC_ConfigChannel                 0x08003039   Thumb Code   304  stm32f4xx_hal_tim.o(.text.HAL_TIM_IC_ConfigChannel)
    HAL_TIM_IC_Init                          0x08003169   Thumb Code   156  stm32f4xx_hal_tim.o(.text.HAL_TIM_IC_Init)
    HAL_TIM_IC_MspInit                       0x08003205   Thumb Code     8  stm32f4xx_hal_tim.o(.text.HAL_TIM_IC_MspInit)
    HAL_TIM_IC_Start_IT                      0x0800320d   Thumb Code   678  stm32f4xx_hal_tim.o(.text.HAL_TIM_IC_Start_IT)
    HAL_TIM_IRQHandler                       0x080034b5   Thumb Code   634  stm32f4xx_hal_tim.o(.text.HAL_TIM_IRQHandler)
    HAL_TIM_MspPostInit                      0x08003731   Thumb Code   190  tim.o(.text.HAL_TIM_MspPostInit)
    HAL_TIM_OC_DelayElapsedCallback          0x080037f1   Thumb Code     8  stm32f4xx_hal_tim.o(.text.HAL_TIM_OC_DelayElapsedCallback)
    HAL_TIM_PWM_ConfigChannel                0x080037f9   Thumb Code   322  stm32f4xx_hal_tim.o(.text.HAL_TIM_PWM_ConfigChannel)
    HAL_TIM_PWM_Init                         0x0800393d   Thumb Code   156  stm32f4xx_hal_tim.o(.text.HAL_TIM_PWM_Init)
    HAL_TIM_PWM_MspInit                      0x080039d9   Thumb Code     8  stm32f4xx_hal_tim.o(.text.HAL_TIM_PWM_MspInit)
    HAL_TIM_PWM_PulseFinishedCallback        0x080039e1   Thumb Code     8  stm32f4xx_hal_tim.o(.text.HAL_TIM_PWM_PulseFinishedCallback)
    HAL_TIM_PWM_Start                        0x080039e9   Thumb Code   458  stm32f4xx_hal_tim.o(.text.HAL_TIM_PWM_Start)
    HAL_TIM_PWM_Stop                         0x08003bb5   Thumb Code   262  stm32f4xx_hal_tim.o(.text.HAL_TIM_PWM_Stop)
    HAL_TIM_PeriodElapsedCallback            0x08003cbd   Thumb Code     8  stm32f4xx_hal_tim.o(.text.HAL_TIM_PeriodElapsedCallback)
    HAL_TIM_ReadCapturedValue                0x08003cc5   Thumb Code    86  stm32f4xx_hal_tim.o(.text.HAL_TIM_ReadCapturedValue)
    HAL_TIM_TriggerCallback                  0x08003d1d   Thumb Code     8  stm32f4xx_hal_tim.o(.text.HAL_TIM_TriggerCallback)
    HAL_UARTEx_RxEventCallback               0x08003d25   Thumb Code    12  stm32f4xx_hal_uart.o(.text.HAL_UARTEx_RxEventCallback)
    HAL_UART_ErrorCallback                   0x08003d31   Thumb Code     8  stm32f4xx_hal_uart.o(.text.HAL_UART_ErrorCallback)
    HAL_UART_IRQHandler                      0x08003d39   Thumb Code  1054  stm32f4xx_hal_uart.o(.text.HAL_UART_IRQHandler)
    HAL_UART_Init                            0x08004159   Thumb Code   154  stm32f4xx_hal_uart.o(.text.HAL_UART_Init)
    HAL_UART_MspInit                         0x080041f5   Thumb Code   462  usart.o(.text.HAL_UART_MspInit)
    HAL_UART_Receive_IT                      0x080043c5   Thumb Code   120  stm32f4xx_hal_uart.o(.text.HAL_UART_Receive_IT)
    HAL_UART_RxCpltCallback                  0x0800443d   Thumb Code   228  main.o(.text.HAL_UART_RxCpltCallback)
    HAL_UART_Transmit                        0x08004521   Thumb Code   334  stm32f4xx_hal_uart.o(.text.HAL_UART_Transmit)
    HAL_UART_Transmit_DMA                    0x08004671   Thumb Code   272  stm32f4xx_hal_uart.o(.text.HAL_UART_Transmit_DMA)
    HAL_UART_TxCpltCallback                  0x08004781   Thumb Code     8  stm32f4xx_hal_uart.o(.text.HAL_UART_TxCpltCallback)
    HAL_UART_TxHalfCpltCallback              0x08004789   Thumb Code     8  stm32f4xx_hal_uart.o(.text.HAL_UART_TxHalfCpltCallback)
    HardFault_Handler                        0x08004791   Thumb Code     4  stm32f4xx_it.o(.text.HardFault_Handler)
    MX_DMA_Init                              0x08004795   Thumb Code   114  dma.o(.text.MX_DMA_Init)
    MX_GPIO_Init                             0x08004809   Thumb Code   448  gpio.o(.text.MX_GPIO_Init)
    MX_SPI1_Init                             0x080049c9   Thumb Code    78  spi.o(.text.MX_SPI1_Init)
    MX_TIM2_Init                             0x08004a19   Thumb Code   288  tim.o(.text.MX_TIM2_Init)
    MX_TIM3_Init                             0x08004b39   Thumb Code   218  tim.o(.text.MX_TIM3_Init)
    MX_UART5_Init                            0x08004c15   Thumb Code    64  usart.o(.text.MX_UART5_Init)
    MX_USART2_UART_Init                      0x08004c55   Thumb Code    64  usart.o(.text.MX_USART2_UART_Init)
    MemManage_Handler                        0x08004c95   Thumb Code     4  stm32f4xx_it.o(.text.MemManage_Handler)
    NMI_Handler                              0x08004c99   Thumb Code     4  stm32f4xx_it.o(.text.NMI_Handler)
    PendSV_Handler                           0x08004d09   Thumb Code     2  stm32f4xx_it.o(.text.PendSV_Handler)
    SPI1_IRQHandler                          0x08004d0d   Thumb Code    16  stm32f4xx_it.o(.text.SPI1_IRQHandler)
    SVC_Handler                              0x08005001   Thumb Code     2  stm32f4xx_it.o(.text.SVC_Handler)
    SysTick_Handler                          0x08005059   Thumb Code    12  stm32f4xx_it.o(.text.SysTick_Handler)
    SystemClock_Config                       0x08005065   Thumb Code   184  main.o(.text.SystemClock_Config)
    SystemInit                               0x0800511d   Thumb Code    18  system_stm32f4xx.o(.text.SystemInit)
    TIM2_IRQHandler                          0x08005131   Thumb Code    16  stm32f4xx_it.o(.text.TIM2_IRQHandler)
    TIM_Base_SetConfig                       0x08005141   Thumb Code   410  stm32f4xx_hal_tim.o(.text.TIM_Base_SetConfig)
    TIM_CCxChannelCmd                        0x080052dd   Thumb Code    54  stm32f4xx_hal_tim.o(.text.TIM_CCxChannelCmd)
    TIM_ETR_SetConfig                        0x08005315   Thumb Code    52  stm32f4xx_hal_tim.o(.text.TIM_ETR_SetConfig)
    TIM_OC2_SetConfig                        0x08005461   Thumb Code   244  stm32f4xx_hal_tim.o(.text.TIM_OC2_SetConfig)
    TIM_TI1_SetConfig                        0x0800573d   Thumb Code   278  stm32f4xx_hal_tim.o(.text.TIM_TI1_SetConfig)
    UART5_IRQHandler                         0x080059ed   Thumb Code    16  stm32f4xx_it.o(.text.UART5_IRQHandler)
    UART_Start_Receive_IT                    0x08005ec1   Thumb Code   110  stm32f4xx_hal_uart.o(.text.UART_Start_Receive_IT)
    UsageFault_Handler                       0x08006099   Thumb Code     4  stm32f4xx_it.o(.text.UsageFault_Handler)
    fputc                                    0x0800615d   Thumb Code    34  main.o(.text.fputc)
    glyph_index                              0x08006181   Thumb Code    54  ili9341_font.o(.text.glyph_index)
    ili9341_draw_char                        0x08006311   Thumb Code   458  ili9341_gfx.o(.text.ili9341_draw_char)
    ili9341_draw_string                      0x080064dd   Thumb Code   206  ili9341_gfx.o(.text.ili9341_draw_string)
    ili9341_fill_rect                        0x080065ad   Thumb Code   306  ili9341_gfx.o(.text.ili9341_fill_rect)
    ili9341_fill_screen                      0x080066e1   Thumb Code    42  ili9341_gfx.o(.text.ili9341_fill_screen)
    ili9341_new                              0x08006a79   Thumb Code   742  ili9341.o(.text.ili9341_new)
    ili9341_spi_slave_release                0x08006e41   Thumb Code    52  ili9341.o(.text.ili9341_spi_slave_release)
    ili9341_spi_slave_select                 0x08006e75   Thumb Code    52  ili9341.o(.text.ili9341_spi_slave_select)
    ili9341_spi_tft_release                  0x08006ea9   Thumb Code    22  ili9341.o(.text.ili9341_spi_tft_release)
    ili9341_spi_tft_select                   0x08006ec1   Thumb Code    22  ili9341.o(.text.ili9341_spi_tft_select)
    ili9341_spi_tft_set_address_rect         0x08006ed9   Thumb Code   162  ili9341_gfx.o(.text.ili9341_spi_tft_set_address_rect)
    ili9341_spi_touch_release                0x08006f7d   Thumb Code    22  ili9341.o(.text.ili9341_spi_touch_release)
    ili9341_spi_touch_select                 0x08006f95   Thumb Code    22  ili9341.o(.text.ili9341_spi_touch_select)
    ili9341_spi_write_command                0x08006fad   Thumb Code   112  ili9341.o(.text.ili9341_spi_write_command)
    ili9341_spi_write_command_data           0x0800701d   Thumb Code   120  ili9341.o(.text.ili9341_spi_write_command_data)
    ili9341_spi_write_data                   0x08007095   Thumb Code   114  ili9341.o(.text.ili9341_spi_write_data)
    ili9341_transmit_color                   0x08007109   Thumb Code    72  ili9341_gfx.o(.text.ili9341_transmit_color)
    ili9341_transmit_wait                    0x08007151   Thumb Code    38  ili9341_gfx.o(.text.ili9341_transmit_wait)
    keyPressed                               0x08007179   Thumb Code   126  main.o(.text.keyPressed)
    main                                     0x080071f9   Thumb Code   984  main.o(.text.main)
    readCol                                  0x080075d1   Thumb Code   122  main.o(.text.readCol)
    selectRow                                0x0800764d   Thumb Code   190  main.o(.text.selectRow)
    __0printf                                0x0800770d   Thumb Code    22  printfa.o(i.__0printf)
    __1printf                                0x0800770d   Thumb Code     0  printfa.o(i.__0printf)
    __2printf                                0x0800770d   Thumb Code     0  printfa.o(i.__0printf)
    __c89printf                              0x0800770d   Thumb Code     0  printfa.o(i.__0printf)
    printf                                   0x0800770d   Thumb Code     0  printfa.o(i.__0printf)
    __0sprintf                               0x0800772d   Thumb Code    34  printfa.o(i.__0sprintf)
    __1sprintf                               0x0800772d   Thumb Code     0  printfa.o(i.__0sprintf)
    __2sprintf                               0x0800772d   Thumb Code     0  printfa.o(i.__0sprintf)
    __c89sprintf                             0x0800772d   Thumb Code     0  printfa.o(i.__0sprintf)
    sprintf                                  0x0800772d   Thumb Code     0  printfa.o(i.__0sprintf)
    __scatterload_copy                       0x08007755   Thumb Code    14  handlers.o(i.__scatterload_copy)
    __scatterload_null                       0x08007763   Thumb Code     2  handlers.o(i.__scatterload_null)
    __scatterload_zeroinit                   0x08007765   Thumb Code    14  handlers.o(i.__scatterload_zeroinit)
    malloc                                   0x08008031   Thumb Code    92  malloc.o(i.malloc)
    AHBPrescTable                            0x0800809c   Data          16  system_stm32f4xx.o(.rodata.AHBPrescTable)
    APBPrescTable                            0x080080ac   Data           8  system_stm32f4xx.o(.rodata.APBPrescTable)
    ILI9341_BLACK                            0x080080bc   Data           2  ili9341_gfx.o(.rodata.ILI9341_BLACK)
    ILI9341_WHITE                            0x080080be   Data           2  ili9341_gfx.o(.rodata.ILI9341_WHITE)
    ili9341_font_16x26                       0x080080c0   Data        4942  ili9341_font.o(.rodata.ili9341_font_16x26)
    Region$$Table$$Base                      0x08009488   Number         0  anon$$obj.o(Region$$Table)
    Region$$Table$$Limit                     0x080094a8   Number         0  anon$$obj.o(Region$$Table)
    __stdout                                 0x20000000   Data           4  stdout.o(.data)
    __microlib_freelist                      0x20000004   Data           4  mvars.o(.data)
    __microlib_freelist_initialised          0x20000008   Data           4  mvars.o(.data)
    SystemCoreClock                          0x20000010   Data           4  system_stm32f4xx.o(.data.SystemCoreClock)
    Tx_data                                  0x20000014   Data           4  main.o(.data.Tx_data)
    Tx_data_word                             0x20000018   Data           4  main.o(.data.Tx_data_word)
    uwTickFreq                               0x2000001c   Data           1  stm32f4xx_hal.o(.data.uwTickFreq)
    uwTickPrio                               0x20000020   Data           4  stm32f4xx_hal.o(.data.uwTickPrio)
    Rx_buff                                  0x20000040   Data           1  main.o(.bss.Rx_buff)
    Rx_data                                  0x20000041   Data           4  main.o(.bss.Rx_data)
    Rx_temp                                  0x20000045   Data           2  main.o(.bss.Rx_temp)
    _screen                                  0x20000048   Data           4  main.o(.bss._screen)
    distance_US                              0x2000004c   Data           4  main.o(.bss.distance_US)
    flag_systick                             0x20000050   Data           4  main.o(.bss.flag_systick)
    hdma_spi1_tx                             0x20000054   Data          96  spi.o(.bss.hdma_spi1_tx)
    hdma_uart5_tx                            0x200000b4   Data          96  usart.o(.bss.hdma_uart5_tx)
    hspi1                                    0x20000114   Data          88  spi.o(.bss.hspi1)
    htim2                                    0x2000016c   Data          72  tim.o(.bss.htim2)
    htim3                                    0x200001b4   Data          72  tim.o(.bss.htim3)
    huart2                                   0x200001fc   Data          68  usart.o(.bss.huart2)
    huart5                                   0x20000240   Data          68  usart.o(.bss.huart5)
    key                                      0x20000284   Data           4  main.o(.bss.key)
    led_color                                0x20000288   Data           4  main.o(.bss.led_color)
    my_attr                                  0x2000028c   Data          12  main.o(.bss.my_attr)
    tx_timer                                 0x20000a98   Data           4  main.o(.bss.tx_timer)
    uwTick                                   0x20000a9c   Data           4  stm32f4xx_hal.o(.bss.uwTick)
    __heap_base                              0x20000aa0   Data           0  startup_stm32f446xx.o(HEAP)
    __heap_limit                             0x20000ca0   Data           0  startup_stm32f446xx.o(HEAP)
    __initial_sp                             0x200010a0   Data           0  startup_stm32f446xx.o(STACK)



==============================================================================

Memory Map of the image

  Image Entry point : 0x080001c5

  Load Region LR_IROM1 (Base: 0x08000000, Size: 0x000094d0, Max: 0x00080000, ABSOLUTE)

    Execution Region ER_IROM1 (Exec base: 0x08000000, Load base: 0x08000000, Size: 0x000094a8, Max: 0x00080000, ABSOLUTE)

    Exec Addr    Load Addr    Size         Type   Attr      Idx    E Section Name        Object

    0x08000000   0x08000000   0x000001c4   Data   RO            3    RESET               startup_stm32f446xx.o
    0x080001c4   0x080001c4   0x00000000   Code   RO         1383  * .ARM.Collect$$$$00000000  mc_w.l(entry.o)
    0x080001c4   0x080001c4   0x00000004   Code   RO         1464    .ARM.Collect$$$$00000001  mc_w.l(entry2.o)
    0x080001c8   0x080001c8   0x00000004   Code   RO         1467    .ARM.Collect$$$$00000004  mc_w.l(entry5.o)
    0x080001cc   0x080001cc   0x00000000   Code   RO         1469    .ARM.Collect$$$$00000008  mc_w.l(entry7b.o)
    0x080001cc   0x080001cc   0x00000000   Code   RO         1471    .ARM.Collect$$$$0000000A  mc_w.l(entry8b.o)
    0x080001cc   0x080001cc   0x00000008   Code   RO         1472    .ARM.Collect$$$$0000000B  mc_w.l(entry9a.o)
    0x080001d4   0x080001d4   0x00000000   Code   RO         1474    .ARM.Collect$$$$0000000D  mc_w.l(entry10a.o)
    0x080001d4   0x080001d4   0x00000000   Code   RO         1476    .ARM.Collect$$$$0000000F  mc_w.l(entry11a.o)
    0x080001d4   0x080001d4   0x00000004   Code   RO         1465    .ARM.Collect$$$$00002712  mc_w.l(entry2.o)
    0x080001d8   0x080001d8   0x00000024   Code   RO            4    .text               startup_stm32f446xx.o
    0x080001fc   0x080001fc   0x00000018   Code   RO           10    .text               function.o
    0x08000214   0x08000214   0x00000062   Code   RO         1386    .text               mc_w.l(uldiv.o)
    0x08000276   0x08000276   0x00000008   Code   RO         1388    .text               mc_w.l(siabs.o)
    0x0800027e   0x0800027e   0x00000024   Code   RO         1392    .text               mc_w.l(memseta.o)
    0x080002a2   0x080002a2   0x0000014e   Code   RO         1450    .text               mf_w.l(dadd.o)
    0x080003f0   0x080003f0   0x000000de   Code   RO         1452    .text               mf_w.l(ddiv.o)
    0x080004ce   0x080004ce   0x00000022   Code   RO         1456    .text               mf_w.l(dflti.o)
    0x080004f0   0x080004f0   0x00000038   Code   RO         1462    .text               mf_w.l(d2f.o)
    0x08000528   0x08000528   0x0000002c   Code   RO         1488    .text               mc_w.l(uidiv.o)
    0x08000554   0x08000554   0x0000001e   Code   RO         1490    .text               mc_w.l(llshl.o)
    0x08000572   0x08000572   0x00000020   Code   RO         1492    .text               mc_w.l(llushr.o)
    0x08000592   0x08000592   0x00000024   Code   RO         1494    .text               mc_w.l(llsshr.o)
    0x080005b6   0x080005b6   0x00000000   Code   RO         1502    .text               mc_w.l(iusefp.o)
    0x080005b6   0x080005b6   0x0000006e   Code   RO         1503    .text               mf_w.l(fepilogue.o)
    0x08000624   0x08000624   0x000000ba   Code   RO         1505    .text               mf_w.l(depilogue.o)
    0x080006de   0x080006de   0x000000e4   Code   RO         1507    .text               mf_w.l(dmul.o)
    0x080007c2   0x080007c2   0x00000030   Code   RO         1509    .text               mf_w.l(dfixul.o)
    0x080007f2   0x080007f2   0x00000002   PAD
    0x080007f4   0x080007f4   0x00000030   Code   RO         1511    .text               mf_w.l(cdrcmple.o)
    0x08000824   0x08000824   0x00000024   Code   RO         1513    .text               mc_w.l(init.o)
    0x08000848   0x08000848   0x00000004   Code   RO          140    .text.BusFault_Handler  stm32f4xx_it.o
    0x0800084c   0x0800084c   0x00000010   Code   RO          158    .text.DMA1_Stream7_IRQHandler  stm32f4xx_it.o
    0x0800085c   0x0800085c   0x00000010   Code   RO          162    .text.DMA2_Stream3_IRQHandler  stm32f4xx_it.o
    0x0800086c   0x0800086c   0x00000056   Code   RO          645    .text.DMA_CalcBaseAndBitshift  stm32f4xx_hal_dma.o
    0x080008c2   0x080008c2   0x00000002   PAD
    0x080008c4   0x080008c4   0x000000f0   Code   RO          643    .text.DMA_CheckFifoParam  stm32f4xx_hal_dma.o
    0x080009b4   0x080009b4   0x00000050   Code   RO          651    .text.DMA_SetConfig  stm32f4xx_hal_dma.o
    0x08000a04   0x08000a04   0x00000002   Code   RO          146    .text.DebugMon_Handler  stm32f4xx_it.o
    0x08000a06   0x08000a06   0x00000002   PAD
    0x08000a08   0x08000a08   0x00000014   Code   RO          156    .text.EXTI15_10_IRQHandler  stm32f4xx_it.o
    0x08000a1c   0x08000a1c   0x0000000e   Code   RO           33    .text.Error_Handler  main.o
    0x08000a2a   0x08000a2a   0x00000002   PAD
    0x08000a2c   0x08000a2c   0x000000ec   Code   RO          655    .text.HAL_DMA_Abort  stm32f4xx_hal_dma.o
    0x08000b18   0x08000b18   0x00000044   Code   RO          657    .text.HAL_DMA_Abort_IT  stm32f4xx_hal_dma.o
    0x08000b5c   0x08000b5c   0x0000000e   Code   RO          667    .text.HAL_DMA_GetState  stm32f4xx_hal_dma.o
    0x08000b6a   0x08000b6a   0x00000002   PAD
    0x08000b6c   0x08000b6c   0x0000031e   Code   RO          661    .text.HAL_DMA_IRQHandler  stm32f4xx_hal_dma.o
    0x08000e8a   0x08000e8a   0x00000002   PAD
    0x08000e8c   0x08000e8c   0x0000016e   Code   RO          641    .text.HAL_DMA_Init  stm32f4xx_hal_dma.o
    0x08000ffa   0x08000ffa   0x00000002   PAD
    0x08000ffc   0x08000ffc   0x000000c2   Code   RO          653    .text.HAL_DMA_Start_IT  stm32f4xx_hal_dma.o
    0x080010be   0x080010be   0x00000002   PAD
    0x080010c0   0x080010c0   0x00000042   Code   RO          836    .text.HAL_Delay     stm32f4xx_hal.o
    0x08001102   0x08001102   0x00000002   PAD
    0x08001104   0x08001104   0x00000050   Code   RO           21    .text.HAL_GPIO_EXTI_Callback  main.o
    0x08001154   0x08001154   0x00000038   Code   RO          615    .text.HAL_GPIO_EXTI_IRQHandler  stm32f4xx_hal_gpio.o
    0x0800118c   0x0800118c   0x0000039a   Code   RO          603    .text.HAL_GPIO_Init  stm32f4xx_hal_gpio.o
    0x08001526   0x08001526   0x00000002   PAD
    0x08001528   0x08001528   0x0000002e   Code   RO          607    .text.HAL_GPIO_ReadPin  stm32f4xx_hal_gpio.o
    0x08001556   0x08001556   0x00000002   PAD
    0x08001558   0x08001558   0x0000002e   Code   RO          609    .text.HAL_GPIO_WritePin  stm32f4xx_hal_gpio.o
    0x08001586   0x08001586   0x00000002   PAD
    0x08001588   0x08001588   0x0000000c   Code   RO          828    .text.HAL_GetTick   stm32f4xx_hal.o
    0x08001594   0x08001594   0x0000001a   Code   RO          826    .text.HAL_IncTick   stm32f4xx_hal.o
    0x080015ae   0x080015ae   0x00000002   PAD
    0x080015b0   0x080015b0   0x0000003c   Code   RO          816    .text.HAL_Init      stm32f4xx_hal.o
    0x080015ec   0x080015ec   0x00000070   Code   RO          818    .text.HAL_InitTick  stm32f4xx_hal.o
    0x0800165c   0x0800165c   0x00000052   Code   RO          171    .text.HAL_MspInit   stm32f4xx_hal_msp.o
    0x080016ae   0x080016ae   0x00000002   PAD
    0x080016b0   0x080016b0   0x00000014   Code   RO          757    .text.HAL_NVIC_EnableIRQ  stm32f4xx_hal_cortex.o
    0x080016c4   0x080016c4   0x00000032   Code   RO          749    .text.HAL_NVIC_SetPriority  stm32f4xx_hal_cortex.o
    0x080016f6   0x080016f6   0x00000002   PAD
    0x080016f8   0x080016f8   0x00000010   Code   RO          745    .text.HAL_NVIC_SetPriorityGrouping  stm32f4xx_hal_cortex.o
    0x08001708   0x08001708   0x00000262   Code   RO          433    .text.HAL_RCC_ClockConfig  stm32f4xx_hal_rcc.o
    0x0800196a   0x0800196a   0x00000002   PAD
    0x0800196c   0x0800196c   0x0000000c   Code   RO          443    .text.HAL_RCC_GetHCLKFreq  stm32f4xx_hal_rcc.o
    0x08001978   0x08001978   0x00000022   Code   RO          445    .text.HAL_RCC_GetPCLK1Freq  stm32f4xx_hal_rcc.o
    0x0800199a   0x0800199a   0x00000002   PAD
    0x0800199c   0x0800199c   0x00000022   Code   RO          447    .text.HAL_RCC_GetPCLK2Freq  stm32f4xx_hal_rcc.o
    0x080019be   0x080019be   0x00000002   PAD
    0x080019c0   0x080019c0   0x00000170   Code   RO          480    .text.HAL_RCC_GetSysClockFreq  stm32f4xx_hal_rcc_ex.o
    0x08001b30   0x08001b30   0x00000726   Code   RO          484    .text.HAL_RCC_OscConfig  stm32f4xx_hal_rcc_ex.o
    0x08002256   0x08002256   0x00000002   PAD
    0x08002258   0x08002258   0x00000008   Code   RO          396    .text.HAL_SPI_ErrorCallback  stm32f4xx_hal_spi.o
    0x08002260   0x08002260   0x00000230   Code   RO          392    .text.HAL_SPI_IRQHandler  stm32f4xx_hal_spi.o
    0x08002490   0x08002490   0x00000100   Code   RO          312    .text.HAL_SPI_Init  stm32f4xx_hal_spi.o
    0x08002590   0x08002590   0x000000f6   Code   RO           84    .text.HAL_SPI_MspInit  spi.o
    0x08002686   0x08002686   0x00000002   PAD
    0x08002688   0x08002688   0x00000284   Code   RO          320    .text.HAL_SPI_Transmit  stm32f4xx_hal_spi.o
    0x0800290c   0x0800290c   0x00000170   Code   RO          352    .text.HAL_SPI_Transmit_DMA  stm32f4xx_hal_spi.o
    0x08002a7c   0x08002a7c   0x00000008   Code   RO          398    .text.HAL_SPI_TxCpltCallback  stm32f4xx_hal_spi.o
    0x08002a84   0x08002a84   0x00000008   Code   RO          404    .text.HAL_SPI_TxHalfCpltCallback  stm32f4xx_hal_spi.o
    0x08002a8c   0x08002a8c   0x000000c4   Code   RO           15    .text.HAL_SYSTICK_Callback  main.o
    0x08002b50   0x08002b50   0x00000010   Code   RO          769    .text.HAL_SYSTICK_Config  stm32f4xx_hal_cortex.o
    0x08002b60   0x08002b60   0x00000008   Code   RO          805    .text.HAL_SYSTICK_IRQHandler  stm32f4xx_hal_cortex.o
    0x08002b68   0x08002b68   0x00000008   Code   RO         1228    .text.HAL_TIMEx_BreakCallback  stm32f4xx_hal_tim_ex.o
    0x08002b70   0x08002b70   0x00000008   Code   RO         1224    .text.HAL_TIMEx_CommutCallback  stm32f4xx_hal_tim_ex.o
    0x08002b78   0x08002b78   0x00000122   Code   RO         1218    .text.HAL_TIMEx_MasterConfigSynchronization  stm32f4xx_hal_tim_ex.o
    0x08002c9a   0x08002c9a   0x00000002   PAD
    0x08002c9c   0x08002c9c   0x0000009c   Code   RO          905    .text.HAL_TIM_Base_Init  stm32f4xx_hal_tim.o
    0x08002d38   0x08002d38   0x000000d4   Code   RO          103    .text.HAL_TIM_Base_MspInit  tim.o
    0x08002e0c   0x08002e0c   0x00000184   Code   RO         1097    .text.HAL_TIM_ConfigClockSource  stm32f4xx_hal_tim.o
    0x08002f90   0x08002f90   0x000000a8   Code   RO           17    .text.HAL_TIM_IC_CaptureCallback  main.o
    0x08003038   0x08003038   0x00000130   Code   RO         1061    .text.HAL_TIM_IC_ConfigChannel  stm32f4xx_hal_tim.o
    0x08003168   0x08003168   0x0000009c   Code   RO          979    .text.HAL_TIM_IC_Init  stm32f4xx_hal_tim.o
    0x08003204   0x08003204   0x00000008   Code   RO          981    .text.HAL_TIM_IC_MspInit  stm32f4xx_hal_tim.o
    0x0800320c   0x0800320c   0x000002a6   Code   RO          991    .text.HAL_TIM_IC_Start_IT  stm32f4xx_hal_tim.o
    0x080034b2   0x080034b2   0x00000002   PAD
    0x080034b4   0x080034b4   0x0000027a   Code   RO         1039    .text.HAL_TIM_IRQHandler  stm32f4xx_hal_tim.o
    0x0800372e   0x0800372e   0x00000002   PAD
    0x08003730   0x08003730   0x000000be   Code   RO           99    .text.HAL_TIM_MspPostInit  tim.o
    0x080037ee   0x080037ee   0x00000002   PAD
    0x080037f0   0x080037f0   0x00000008   Code   RO         1043    .text.HAL_TIM_OC_DelayElapsedCallback  stm32f4xx_hal_tim.o
    0x080037f8   0x080037f8   0x00000142   Code   RO         1071    .text.HAL_TIM_PWM_ConfigChannel  stm32f4xx_hal_tim.o
    0x0800393a   0x0800393a   0x00000002   PAD
    0x0800393c   0x0800393c   0x0000009c   Code   RO          959    .text.HAL_TIM_PWM_Init  stm32f4xx_hal_tim.o
    0x080039d8   0x080039d8   0x00000008   Code   RO          961    .text.HAL_TIM_PWM_MspInit  stm32f4xx_hal_tim.o
    0x080039e0   0x080039e0   0x00000008   Code   RO         1045    .text.HAL_TIM_PWM_PulseFinishedCallback  stm32f4xx_hal_tim.o
    0x080039e8   0x080039e8   0x000001ca   Code   RO          967    .text.HAL_TIM_PWM_Start  stm32f4xx_hal_tim.o
    0x08003bb2   0x08003bb2   0x00000002   PAD
    0x08003bb4   0x08003bb4   0x00000106   Code   RO          969    .text.HAL_TIM_PWM_Stop  stm32f4xx_hal_tim.o
    0x08003cba   0x08003cba   0x00000002   PAD
    0x08003cbc   0x08003cbc   0x00000008   Code   RO         1047    .text.HAL_TIM_PeriodElapsedCallback  stm32f4xx_hal_tim.o
    0x08003cc4   0x08003cc4   0x00000056   Code   RO         1113    .text.HAL_TIM_ReadCapturedValue  stm32f4xx_hal_tim.o
    0x08003d1a   0x08003d1a   0x00000002   PAD
    0x08003d1c   0x08003d1c   0x00000008   Code   RO         1049    .text.HAL_TIM_TriggerCallback  stm32f4xx_hal_tim.o
    0x08003d24   0x08003d24   0x0000000c   Code   RO         1331    .text.HAL_UARTEx_RxEventCallback  stm32f4xx_hal_uart.o
    0x08003d30   0x08003d30   0x00000008   Code   RO         1329    .text.HAL_UART_ErrorCallback  stm32f4xx_hal_uart.o
    0x08003d38   0x08003d38   0x0000041e   Code   RO         1323    .text.HAL_UART_IRQHandler  stm32f4xx_hal_uart.o
    0x08004156   0x08004156   0x00000002   PAD
    0x08004158   0x08004158   0x0000009a   Code   RO         1241    .text.HAL_UART_Init  stm32f4xx_hal_uart.o
    0x080041f2   0x080041f2   0x00000002   PAD
    0x080041f4   0x080041f4   0x000001ce   Code   RO          120    .text.HAL_UART_MspInit  usart.o
    0x080043c2   0x080043c2   0x00000002   PAD
    0x080043c4   0x080043c4   0x00000078   Code   RO         1265    .text.HAL_UART_Receive_IT  stm32f4xx_hal_uart.o
    0x0800443c   0x0800443c   0x000000e4   Code   RO           19    .text.HAL_UART_RxCpltCallback  main.o
    0x08004520   0x08004520   0x0000014e   Code   RO         1257    .text.HAL_UART_Transmit  stm32f4xx_hal_uart.o
    0x0800466e   0x0800466e   0x00000002   PAD
    0x08004670   0x08004670   0x00000110   Code   RO         1269    .text.HAL_UART_Transmit_DMA  stm32f4xx_hal_uart.o
    0x08004780   0x08004780   0x00000008   Code   RO         1337    .text.HAL_UART_TxCpltCallback  stm32f4xx_hal_uart.o
    0x08004788   0x08004788   0x00000008   Code   RO         1339    .text.HAL_UART_TxHalfCpltCallback  stm32f4xx_hal_uart.o
    0x08004790   0x08004790   0x00000004   Code   RO          136    .text.HardFault_Handler  stm32f4xx_it.o
    0x08004794   0x08004794   0x00000072   Code   RO           74    .text.MX_DMA_Init   dma.o
    0x08004806   0x08004806   0x00000002   PAD
    0x08004808   0x08004808   0x000001c0   Code   RO           66    .text.MX_GPIO_Init  gpio.o
    0x080049c8   0x080049c8   0x0000004e   Code   RO           82    .text.MX_SPI1_Init  spi.o
    0x08004a16   0x08004a16   0x00000002   PAD
    0x08004a18   0x08004a18   0x00000120   Code   RO           97    .text.MX_TIM2_Init  tim.o
    0x08004b38   0x08004b38   0x000000da   Code   RO          101    .text.MX_TIM3_Init  tim.o
    0x08004c12   0x08004c12   0x00000002   PAD
    0x08004c14   0x08004c14   0x00000040   Code   RO          116    .text.MX_UART5_Init  usart.o
    0x08004c54   0x08004c54   0x00000040   Code   RO          118    .text.MX_USART2_UART_Init  usart.o
    0x08004c94   0x08004c94   0x00000004   Code   RO          138    .text.MemManage_Handler  stm32f4xx_it.o
    0x08004c98   0x08004c98   0x00000004   Code   RO          134    .text.NMI_Handler   stm32f4xx_it.o
    0x08004c9c   0x08004c9c   0x0000006c   Code   RO          755    .text.NVIC_EncodePriority  stm32f4xx_hal_cortex.o
    0x08004d08   0x08004d08   0x00000002   Code   RO          148    .text.PendSV_Handler  stm32f4xx_it.o
    0x08004d0a   0x08004d0a   0x00000002   PAD
    0x08004d0c   0x08004d0c   0x00000010   Code   RO          154    .text.SPI1_IRQHandler  stm32f4xx_it.o
    0x08004d1c   0x08004d1c   0x00000020   Code   RO          394    .text.SPI_DMAAbortOnError  stm32f4xx_hal_spi.o
    0x08004d3c   0x08004d3c   0x00000034   Code   RO          358    .text.SPI_DMAError  stm32f4xx_hal_spi.o
    0x08004d70   0x08004d70   0x00000016   Code   RO          354    .text.SPI_DMAHalfTransmitCplt  stm32f4xx_hal_spi.o
    0x08004d86   0x08004d86   0x00000002   PAD
    0x08004d88   0x08004d88   0x000000a6   Code   RO          356    .text.SPI_DMATransmitCplt  stm32f4xx_hal_spi.o
    0x08004e2e   0x08004e2e   0x00000002   PAD
    0x08004e30   0x08004e30   0x000000a4   Code   RO          322    .text.SPI_EndRxTxTransaction  stm32f4xx_hal_spi.o
    0x08004ed4   0x08004ed4   0x0000012a   Code   RO          420    .text.SPI_WaitFlagStateUntilTimeout  stm32f4xx_hal_spi.o
    0x08004ffe   0x08004ffe   0x00000002   PAD
    0x08005000   0x08005000   0x00000002   Code   RO          144    .text.SVC_Handler   stm32f4xx_it.o
    0x08005002   0x08005002   0x00000002   PAD
    0x08005004   0x08005004   0x00000052   Code   RO          771    .text.SysTick_Config  stm32f4xx_hal_cortex.o
    0x08005056   0x08005056   0x00000002   PAD
    0x08005058   0x08005058   0x0000000c   Code   RO          150    .text.SysTick_Handler  stm32f4xx_it.o
    0x08005064   0x08005064   0x000000b8   Code   RO           31    .text.SystemClock_Config  main.o
    0x0800511c   0x0800511c   0x00000012   Code   RO         1370    .text.SystemInit    system_stm32f4xx.o
    0x0800512e   0x0800512e   0x00000002   PAD
    0x08005130   0x08005130   0x00000010   Code   RO          152    .text.TIM2_IRQHandler  stm32f4xx_it.o
    0x08005140   0x08005140   0x0000019a   Code   RO          909    .text.TIM_Base_SetConfig  stm32f4xx_hal_tim.o
    0x080052da   0x080052da   0x00000002   PAD
    0x080052dc   0x080052dc   0x00000036   Code   RO          943    .text.TIM_CCxChannelCmd  stm32f4xx_hal_tim.o
    0x08005312   0x08005312   0x00000002   PAD
    0x08005314   0x08005314   0x00000034   Code   RO         1095    .text.TIM_ETR_SetConfig  stm32f4xx_hal_tim.o
    0x08005348   0x08005348   0x0000002a   Code   RO         1101    .text.TIM_ITRx_SetConfig  stm32f4xx_hal_tim.o
    0x08005372   0x08005372   0x00000002   PAD
    0x08005374   0x08005374   0x000000ea   Code   RO         1053    .text.TIM_OC1_SetConfig  stm32f4xx_hal_tim.o
    0x0800545e   0x0800545e   0x00000002   PAD
    0x08005460   0x08005460   0x000000f4   Code   RO         1055    .text.TIM_OC2_SetConfig  stm32f4xx_hal_tim.o
    0x08005554   0x08005554   0x000000f2   Code   RO         1057    .text.TIM_OC3_SetConfig  stm32f4xx_hal_tim.o
    0x08005646   0x08005646   0x00000002   PAD
    0x08005648   0x08005648   0x000000a4   Code   RO         1059    .text.TIM_OC4_SetConfig  stm32f4xx_hal_tim.o
    0x080056ec   0x080056ec   0x00000050   Code   RO         1099    .text.TIM_TI1_ConfigInputStage  stm32f4xx_hal_tim.o
    0x0800573c   0x0800573c   0x00000116   Code   RO         1063    .text.TIM_TI1_SetConfig  stm32f4xx_hal_tim.o
    0x08005852   0x08005852   0x00000002   PAD
    0x08005854   0x08005854   0x00000052   Code   RO         1103    .text.TIM_TI2_ConfigInputStage  stm32f4xx_hal_tim.o
    0x080058a6   0x080058a6   0x00000002   PAD
    0x080058a8   0x080058a8   0x0000006c   Code   RO         1065    .text.TIM_TI2_SetConfig  stm32f4xx_hal_tim.o
    0x08005914   0x08005914   0x0000006a   Code   RO         1067    .text.TIM_TI3_SetConfig  stm32f4xx_hal_tim.o
    0x0800597e   0x0800597e   0x00000002   PAD
    0x08005980   0x08005980   0x0000006c   Code   RO         1069    .text.TIM_TI4_SetConfig  stm32f4xx_hal_tim.o
    0x080059ec   0x080059ec   0x00000010   Code   RO          160    .text.UART5_IRQHandler  stm32f4xx_it.o
    0x080059fc   0x080059fc   0x00000020   Code   RO         1327    .text.UART_DMAAbortOnError  stm32f4xx_hal_uart.o
    0x08005a1c   0x08005a1c   0x0000007c   Code   RO         1275    .text.UART_DMAError  stm32f4xx_hal_uart.o
    0x08005a98   0x08005a98   0x0000007a   Code   RO         1271    .text.UART_DMATransmitCplt  stm32f4xx_hal_uart.o
    0x08005b12   0x08005b12   0x00000002   PAD
    0x08005b14   0x08005b14   0x00000016   Code   RO         1273    .text.UART_DMATxHalfCplt  stm32f4xx_hal_uart.o
    0x08005b2a   0x08005b2a   0x00000002   PAD
    0x08005b2c   0x08005b2c   0x00000094   Code   RO         1289    .text.UART_EndRxTransfer  stm32f4xx_hal_uart.o
    0x08005bc0   0x08005bc0   0x00000026   Code   RO         1335    .text.UART_EndTransmit_IT  stm32f4xx_hal_uart.o
    0x08005be6   0x08005be6   0x00000002   PAD
    0x08005be8   0x08005be8   0x00000036   Code   RO         1287    .text.UART_EndTxTransfer  stm32f4xx_hal_uart.o
    0x08005c1e   0x08005c1e   0x00000002   PAD
    0x08005c20   0x08005c20   0x00000164   Code   RO         1325    .text.UART_Receive_IT  stm32f4xx_hal_uart.o
    0x08005d84   0x08005d84   0x0000013a   Code   RO         1245    .text.UART_SetConfig  stm32f4xx_hal_uart.o
    0x08005ebe   0x08005ebe   0x00000002   PAD
    0x08005ec0   0x08005ec0   0x0000006e   Code   RO         1267    .text.UART_Start_Receive_IT  stm32f4xx_hal_uart.o
    0x08005f2e   0x08005f2e   0x00000002   PAD
    0x08005f30   0x08005f30   0x00000094   Code   RO         1333    .text.UART_Transmit_IT  stm32f4xx_hal_uart.o
    0x08005fc4   0x08005fc4   0x000000d2   Code   RO         1259    .text.UART_WaitOnFlagUntilTimeout  stm32f4xx_hal_uart.o
    0x08006096   0x08006096   0x00000002   PAD
    0x08006098   0x08006098   0x00000004   Code   RO          142    .text.UsageFault_Handler  stm32f4xx_it.o
    0x0800609c   0x0800609c   0x00000030   Code   RO          759    .text.__NVIC_EnableIRQ  stm32f4xx_hal_cortex.o
    0x080060cc   0x080060cc   0x00000010   Code   RO          751    .text.__NVIC_GetPriorityGrouping  stm32f4xx_hal_cortex.o
    0x080060dc   0x080060dc   0x00000042   Code   RO          753    .text.__NVIC_SetPriority  stm32f4xx_hal_cortex.o
    0x0800611e   0x0800611e   0x00000002   PAD
    0x08006120   0x08006120   0x0000003c   Code   RO          747    .text.__NVIC_SetPriorityGrouping  stm32f4xx_hal_cortex.o
    0x0800615c   0x0800615c   0x00000022   Code   RO           35    .text.fputc         main.o
    0x0800617e   0x0800617e   0x00000002   PAD
    0x08006180   0x08006180   0x00000036   Code   RO          239    .text.glyph_index   ili9341_font.o
    0x080061b6   0x080061b6   0x00000002   PAD
    0x080061b8   0x080061b8   0x00000158   Code   RO          262    .text.ili9341_clip_rect  ili9341_gfx.o
    0x08006310   0x08006310   0x000001ca   Code   RO          280    .text.ili9341_draw_char  ili9341_gfx.o
    0x080064da   0x080064da   0x00000002   PAD
    0x080064dc   0x080064dc   0x000000ce   Code   RO          282    .text.ili9341_draw_string  ili9341_gfx.o
    0x080065aa   0x080065aa   0x00000002   PAD
    0x080065ac   0x080065ac   0x00000132   Code   RO          266    .text.ili9341_fill_rect  ili9341_gfx.o
    0x080066de   0x080066de   0x00000002   PAD
    0x080066e0   0x080066e0   0x0000002a   Code   RO          276    .text.ili9341_fill_screen  ili9341_gfx.o
    0x0800670a   0x0800670a   0x00000002   PAD
    0x0800670c   0x0800670c   0x0000036c   Code   RO          183    .text.ili9341_initialize  ili9341.o
    0x08006a78   0x08006a78   0x000002e6   Code   RO          179    .text.ili9341_new   ili9341.o
    0x08006d5e   0x08006d5e   0x00000002   PAD
    0x08006d60   0x08006d60   0x00000034   Code   RO          225    .text.ili9341_reset  ili9341.o
    0x08006d94   0x08006d94   0x00000046   Code   RO          227    .text.ili9341_screen_rotation  ili9341.o
    0x08006dda   0x08006dda   0x00000002   PAD
    0x08006ddc   0x08006ddc   0x00000064   Code   RO          181    .text.ili9341_screen_size  ili9341.o
    0x08006e40   0x08006e40   0x00000034   Code   RO          211    .text.ili9341_spi_slave_release  ili9341.o
    0x08006e74   0x08006e74   0x00000034   Code   RO          209    .text.ili9341_spi_slave_select  ili9341.o
    0x08006ea8   0x08006ea8   0x00000016   Code   RO          207    .text.ili9341_spi_tft_release  ili9341.o
    0x08006ebe   0x08006ebe   0x00000002   PAD
    0x08006ec0   0x08006ec0   0x00000016   Code   RO          205    .text.ili9341_spi_tft_select  ili9341.o
    0x08006ed6   0x08006ed6   0x00000002   PAD
    0x08006ed8   0x08006ed8   0x000000a2   Code   RO          254    .text.ili9341_spi_tft_set_address_rect  ili9341_gfx.o
    0x08006f7a   0x08006f7a   0x00000002   PAD
    0x08006f7c   0x08006f7c   0x00000016   Code   RO          197    .text.ili9341_spi_touch_release  ili9341.o
    0x08006f92   0x08006f92   0x00000002   PAD
    0x08006f94   0x08006f94   0x00000016   Code   RO          195    .text.ili9341_spi_touch_select  ili9341.o
    0x08006faa   0x08006faa   0x00000002   PAD
    0x08006fac   0x08006fac   0x00000070   Code   RO          213    .text.ili9341_spi_write_command  ili9341.o
    0x0800701c   0x0800701c   0x00000078   Code   RO          219    .text.ili9341_spi_write_command_data  ili9341.o
    0x08007094   0x08007094   0x00000072   Code   RO          215    .text.ili9341_spi_write_data  ili9341.o
    0x08007106   0x08007106   0x00000002   PAD
    0x08007108   0x08007108   0x00000048   Code   RO          258    .text.ili9341_transmit_color  ili9341_gfx.o
    0x08007150   0x08007150   0x00000026   Code   RO          256    .text.ili9341_transmit_wait  ili9341_gfx.o
    0x08007176   0x08007176   0x00000002   PAD
    0x08007178   0x08007178   0x0000007e   Code   RO           27    .text.keyPressed    main.o
    0x080071f6   0x080071f6   0x00000002   PAD
    0x080071f8   0x080071f8   0x000003d8   Code   RO           29    .text.main          main.o
    0x080075d0   0x080075d0   0x0000007a   Code   RO           25    .text.readCol       main.o
    0x0800764a   0x0800764a   0x00000002   PAD
    0x0800764c   0x0800764c   0x000000be   Code   RO           23    .text.selectRow     main.o
    0x0800770a   0x0800770a   0x00000002   PAD
    0x0800770c   0x0800770c   0x00000020   Code   RO         1395    i.__0printf         mc_w.l(printfa.o)
    0x0800772c   0x0800772c   0x00000028   Code   RO         1397    i.__0sprintf        mc_w.l(printfa.o)
    0x08007754   0x08007754   0x0000000e   Code   RO         1517    i.__scatterload_copy  mc_w.l(handlers.o)
    0x08007762   0x08007762   0x00000002   Code   RO         1518    i.__scatterload_null  mc_w.l(handlers.o)
    0x08007764   0x08007764   0x0000000e   Code   RO         1519    i.__scatterload_zeroinit  mc_w.l(handlers.o)
    0x08007772   0x08007772   0x00000002   PAD
    0x08007774   0x08007774   0x00000184   Code   RO         1402    i._fp_digits        mc_w.l(printfa.o)
    0x080078f8   0x080078f8   0x000006dc   Code   RO         1403    i._printf_core      mc_w.l(printfa.o)
    0x08007fd4   0x08007fd4   0x00000024   Code   RO         1404    i._printf_post_padding  mc_w.l(printfa.o)
    0x08007ff8   0x08007ff8   0x0000002e   Code   RO         1405    i._printf_pre_padding  mc_w.l(printfa.o)
    0x08008026   0x08008026   0x0000000a   Code   RO         1407    i._sputc            mc_w.l(printfa.o)
    0x08008030   0x08008030   0x0000006c   Code   RO         1423    i.malloc            mc_w.l(malloc.o)
    0x0800809c   0x0800809c   0x00000010   Data   RO         1375    .rodata.AHBPrescTable  system_stm32f4xx.o
    0x080080ac   0x080080ac   0x00000008   Data   RO         1376    .rodata.APBPrescTable  system_stm32f4xx.o
    0x080080b4   0x080080b4   0x00000008   Data   RO          671    .rodata.DMA_CalcBaseAndBitshift.flagBitshiftOffset  stm32f4xx_hal_dma.o
    0x080080bc   0x080080bc   0x00000002   Data   RO          284    .rodata.ILI9341_BLACK  ili9341_gfx.o
    0x080080be   0x080080be   0x00000002   Data   RO          299    .rodata.ILI9341_WHITE  ili9341_gfx.o
    0x080080c0   0x080080c0   0x0000134e   Data   RO          243    .rodata.ili9341_font_16x26  ili9341_font.o
    0x0800940e   0x0800940e   0x00000077   Data   RO           56    .rodata.str1.1      main.o
    0x08009485   0x08009485   0x00000003   PAD
    0x08009488   0x08009488   0x00000020   Data   RO         1516    Region$$Table       anon$$obj.o


    Execution Region RW_IRAM1 (Exec base: 0x20000000, Load base: 0x080094a8, Size: 0x000010a0, Max: 0x00020000, ABSOLUTE)

    Exec Addr    Load Addr    Size         Type   Attr      Idx    E Section Name        Object

    0x20000000   0x080094a8   0x00000004   Data   RW         1478    .data               mc_w.l(stdout.o)
    0x20000004   0x080094ac   0x00000004   Data   RW         1500    .data               mc_w.l(mvars.o)
    0x20000008   0x080094b0   0x00000004   Data   RW         1501    .data               mc_w.l(mvars.o)
    0x2000000c   0x080094b4   0x00000004   Data   RW           52    .data.HAL_UART_RxCpltCallback.uart_state  main.o
    0x20000010   0x080094b8   0x00000004   Data   RW         1374    .data.SystemCoreClock  system_stm32f4xx.o
    0x20000014   0x080094bc   0x00000004   Data   RW           42    .data.Tx_data       main.o
    0x20000018   0x080094c0   0x00000004   Data   RW           41    .data.Tx_data_word  main.o
    0x2000001c   0x080094c4   0x00000001   Data   RW          871    .data.uwTickFreq    stm32f4xx_hal.o
    0x2000001d   0x080094c5   0x00000003   PAD
    0x20000020   0x080094c8   0x00000004   Data   RW          870    .data.uwTickPrio    stm32f4xx_hal.o
    0x20000024   0x080094cc   0x00000004   PAD
    0x20000028        -       0x00000004   Zero   RW           48    .bss.HAL_SYSTICK_Callback.led_timer  main.o
    0x2000002c        -       0x00000004   Zero   RW           47    .bss.HAL_SYSTICK_Callback.timer  main.o
    0x20000030        -       0x00000004   Zero   RW           50    .bss.HAL_TIM_IC_CaptureCallback.edge1Time  main.o
    0x20000034        -       0x00000004   Zero   RW           51    .bss.HAL_TIM_IC_CaptureCallback.edge2Time  main.o
    0x20000038        -       0x00000004   Zero   RW           49    .bss.HAL_TIM_IC_CaptureCallback.risingIC  main.o
    0x2000003c        -       0x00000004   Zero   RW           53    .bss.HAL_UART_RxCpltCallback.uart_cnt  main.o
    0x20000040        -       0x00000001   Zero   RW           44    .bss.Rx_buff        main.o
    0x20000041        -       0x00000004   Zero   RW           43    .bss.Rx_data        main.o
    0x20000045        -       0x00000002   Zero   RW           45    .bss.Rx_temp        main.o
    0x20000047   0x080094cc   0x00000001   PAD
    0x20000048        -       0x00000004   Zero   RW           54    .bss._screen        main.o
    0x2000004c        -       0x00000004   Zero   RW           39    .bss.distance_US    main.o
    0x20000050        -       0x00000004   Zero   RW           37    .bss.flag_systick   main.o
    0x20000054        -       0x00000060   Zero   RW           89    .bss.hdma_spi1_tx   spi.o
    0x200000b4        -       0x00000060   Zero   RW          126    .bss.hdma_uart5_tx  usart.o
    0x20000114        -       0x00000058   Zero   RW           88    .bss.hspi1          spi.o
    0x2000016c        -       0x00000048   Zero   RW          107    .bss.htim2          tim.o
    0x200001b4        -       0x00000048   Zero   RW          108    .bss.htim3          tim.o
    0x200001fc        -       0x00000044   Zero   RW          125    .bss.huart2         usart.o
    0x20000240        -       0x00000044   Zero   RW          124    .bss.huart5         usart.o
    0x20000284        -       0x00000004   Zero   RW           40    .bss.key            main.o
    0x20000288        -       0x00000004   Zero   RW           38    .bss.led_color      main.o
    0x2000028c        -       0x0000000c   Zero   RW           55    .bss.my_attr        main.o
    0x20000298        -       0x00000800   Zero   RW          303    .bss.spi_tx_block   ili9341_gfx.o
    0x20000a98        -       0x00000004   Zero   RW           46    .bss.tx_timer       main.o
    0x20000a9c        -       0x00000004   Zero   RW          872    .bss.uwTick         stm32f4xx_hal.o
    0x20000aa0        -       0x00000200   Zero   RW            2    HEAP                startup_stm32f446xx.o
    0x20000ca0        -       0x00000400   Zero   RW            1    STACK               startup_stm32f446xx.o


==============================================================================

Image component sizes


      Code (inc. data)   RO Data    RW Data    ZI Data      Debug   Object Name

       114          0          0          0          0       3498   dma.o
        24          8          0          0          0        372   function.o
       448          0          0          0          0       4263   gpio.o
      2378          8          0          0          0      13146   ili9341.o
        54          0       4942          0          0        943   ili9341_font.o
      1628          0          4          0       2048      14172   ili9341_gfx.o
      2326          8        119         12         67      13126   main.o
       324          0          0          0        184       6978   spi.o
        36          8        452          0       1536        836   startup_stm32f446xx.o
       276          0          0          5          4       7295   stm32f4xx_hal.o
       490          0          0          0          0       9515   stm32f4xx_hal_cortex.o
      2082          8          8          0          0       8460   stm32f4xx_hal_dma.o
      1070          0          0          0          0       5176   stm32f4xx_hal_gpio.o
        82          0          0          0          0       1565   stm32f4xx_hal_msp.o
       690          0          0          0          0       7683   stm32f4xx_hal_rcc.o
      2198         14          0          0          0      11003   stm32f4xx_hal_rcc_ex.o
      2586          0          0          0          0      19656   stm32f4xx_hal_spi.o
      5852         42          0          0          0      35744   stm32f4xx_hal_tim.o
       306          0          0          0          0      15248   stm32f4xx_hal_tim_ex.o
      3648          0          0          0          0      20102   stm32f4xx_hal_uart.o
       138          0          0          0          0       1732   stm32f4xx_it.o
        18          0         24          4          0       2595   system_stm32f4xx.o
       908          0          0          0        144       8791   tim.o
       590          0          0          0        232       7286   usart.o

    ----------------------------------------------------------------------
     28416         96       5584         24       4220     219185   Object Totals
         0          0         32          0          0          0   (incl. Generated)
       150          0          3          3          5          0   (incl. Padding)

    ----------------------------------------------------------------------

      Code (inc. data)   RO Data    RW Data    ZI Data      Debug   Library Member Name

         0          0          0          0          0          0   entry.o
         0          0          0          0          0          0   entry10a.o
         0          0          0          0          0          0   entry11a.o
         8          4          0          0          0          0   entry2.o
         4          0          0          0          0          0   entry5.o
         0          0          0          0          0          0   entry7b.o
         0          0          0          0          0          0   entry8b.o
         8          4          0          0          0          0   entry9a.o
        30          0          0          0          0          0   handlers.o
        36          8          0          0          0         68   init.o
         0          0          0          0          0          0   iusefp.o
        30          0          0          0          0         68   llshl.o
        36          0          0          0          0         68   llsshr.o
        32          0          0          0          0         68   llushr.o
       108         16          0          0          0         84   malloc.o
        36          0          0          0          0        108   memseta.o
         0          0          0          8          0          0   mvars.o
      2308         96          0          0          0        604   printfa.o
         8          0          0          0          0         68   siabs.o
         0          0          0          4          0          0   stdout.o
        44          0          0          0          0         80   uidiv.o
        98          0          0          0          0         92   uldiv.o
        48          0          0          0          0         68   cdrcmple.o
        56          0          0          0          0         88   d2f.o
       334          0          0          0          0        148   dadd.o
       222          0          0          0          0        100   ddiv.o
       186          0          0          0          0        176   depilogue.o
        48          0          0          0          0         68   dfixul.o
        34          0          0          0          0         76   dflti.o
       228          0          0          0          0         96   dmul.o
       110          0          0          0          0        168   fepilogue.o

    ----------------------------------------------------------------------
      4056        128          0         12          0       2296   Library Totals
         4          0          0          0          0          0   (incl. Padding)

    ----------------------------------------------------------------------

      Code (inc. data)   RO Data    RW Data    ZI Data      Debug   Library Name

      2786        128          0         12          0       1308   mc_w.l
      1266          0          0          0          0        988   mf_w.l

    ----------------------------------------------------------------------
      4056        128          0         12          0       2296   Library Totals

    ----------------------------------------------------------------------

==============================================================================


      Code (inc. data)   RO Data    RW Data    ZI Data      Debug   

     32472        224       5584         36       4220     220021   Grand Totals
     32472        224       5584         36       4220     220021   ELF Image Totals
     32472        224       5584         36          0          0   ROM Totals

==============================================================================

    Total RO  Size (Code + RO Data)                38056 (  37.16kB)
    Total RW  Size (RW Data + ZI Data)              4256 (   4.16kB)
    Total ROM Size (Code + RO Data + RW Data)      38092 (  37.20kB)

==============================================================================

